Component: Arm Compiler for Embedded 6.18 Tool: armlink [5e4cc100]

==============================================================================

Section Cross References

    startup_stm32f103xb.o(STACK) refers (Special) to heapauxi.o(.text) for __use_two_region_memory
    startup_stm32f103xb.o(HEAP) refers (Special) to heapauxi.o(.text) for __use_two_region_memory
    startup_stm32f103xb.o(RESET) refers (Special) to heapauxi.o(.text) for __use_two_region_memory
    startup_stm32f103xb.o(RESET) refers to startup_stm32f103xb.o(STACK) for __initial_sp
    startup_stm32f103xb.o(RESET) refers to startup_stm32f103xb.o(.text) for Reset_Handler
    startup_stm32f103xb.o(RESET) refers to stm32f1xx_it.o(.text.NMI_Handler) for NMI_Handler
    startup_stm32f103xb.o(RESET) refers to stm32f1xx_it.o(.text.HardFault_Handler) for HardFault_Handler
    startup_stm32f103xb.o(RESET) refers to stm32f1xx_it.o(.text.MemManage_Handler) for MemManage_Handler
    startup_stm32f103xb.o(RESET) refers to stm32f1xx_it.o(.text.BusFault_Handler) for BusFault_Handler
    startup_stm32f103xb.o(RESET) refers to stm32f1xx_it.o(.text.UsageFault_Handler) for UsageFault_Handler
    startup_stm32f103xb.o(RESET) refers to stm32f1xx_it.o(.text.SVC_Handler) for SVC_Handler
    startup_stm32f103xb.o(RESET) refers to stm32f1xx_it.o(.text.DebugMon_Handler) for DebugMon_Handler
    startup_stm32f103xb.o(RESET) refers to stm32f1xx_it.o(.text.PendSV_Handler) for PendSV_Handler
    startup_stm32f103xb.o(RESET) refers to stm32f1xx_it.o(.text.SysTick_Handler) for SysTick_Handler
    startup_stm32f103xb.o(RESET) refers to stm32f1xx_it.o(.text.DMA1_Channel1_IRQHandler) for DMA1_Channel1_IRQHandler
    startup_stm32f103xb.o(.text) refers (Special) to heapauxi.o(.text) for __use_two_region_memory
    startup_stm32f103xb.o(.text) refers to system_stm32f1xx.o(.text.SystemInit) for SystemInit
    startup_stm32f103xb.o(.text) refers to __main.o(!!!main) for __main
    startup_stm32f103xb.o(.text) refers to startup_stm32f103xb.o(HEAP) for Heap_Mem
    startup_stm32f103xb.o(.text) refers to startup_stm32f103xb.o(STACK) for Stack_Mem
    adc_code.o(.text) refers (Special) to _printf_percent.o(.ARM.Collect$$_printf_percent$$00000000) for _printf_percent
    adc_code.o(.text) refers (Special) to _printf_pad.o(.text) for _printf_pre_padding
    adc_code.o(.text) refers (Special) to _printf_truncate.o(.text) for _printf_truncate_unsigned
    adc_code.o(.text) refers (Special) to _printf_c.o(.ARM.Collect$$_printf_percent$$00000013) for _printf_c
    adc_code.o(.text) refers (Special) to _printf_x.o(.ARM.Collect$$_printf_percent$$0000000C) for _printf_x
    adc_code.o(.text) refers (Special) to _printf_o.o(.ARM.Collect$$_printf_percent$$0000000B) for _printf_o
    adc_code.o(.text) refers (Special) to _printf_i.o(.ARM.Collect$$_printf_percent$$00000008) for _printf_i
    adc_code.o(.text) refers (Special) to _printf_d.o(.ARM.Collect$$_printf_percent$$00000009) for _printf_d
    adc_code.o(.text) refers (Special) to _printf_u.o(.ARM.Collect$$_printf_percent$$0000000A) for _printf_u
    adc_code.o(.text) refers (Special) to _printf_lc.o(.ARM.Collect$$_printf_percent$$00000015) for _printf_lc
    adc_code.o(.text) refers (Special) to _printf_dec.o(.text) for _printf_int_dec
    adc_code.o(.text) refers (Special) to _printf_oct_int.o(.text) for _printf_longlong_oct
    adc_code.o(.text) refers (Special) to _printf_hex_int.o(.text) for _printf_longlong_hex
    adc_code.o(.text) refers (Special) to _printf_str.o(.text) for _printf_str
    adc_code.o(.text) refers (Special) to _printf_wctomb.o(.text) for _printf_wctomb
    adc_code.o(.text.SysADC_Function) refers (Special) to _printf_percent.o(.ARM.Collect$$_printf_percent$$00000000) for _printf_percent
    adc_code.o(.text.SysADC_Function) refers (Special) to _printf_pad.o(.text) for _printf_pre_padding
    adc_code.o(.text.SysADC_Function) refers (Special) to _printf_truncate.o(.text) for _printf_truncate_unsigned
    adc_code.o(.text.SysADC_Function) refers (Special) to _printf_c.o(.ARM.Collect$$_printf_percent$$00000013) for _printf_c
    adc_code.o(.text.SysADC_Function) refers (Special) to _printf_x.o(.ARM.Collect$$_printf_percent$$0000000C) for _printf_x
    adc_code.o(.text.SysADC_Function) refers (Special) to _printf_o.o(.ARM.Collect$$_printf_percent$$0000000B) for _printf_o
    adc_code.o(.text.SysADC_Function) refers (Special) to _printf_i.o(.ARM.Collect$$_printf_percent$$00000008) for _printf_i
    adc_code.o(.text.SysADC_Function) refers (Special) to _printf_d.o(.ARM.Collect$$_printf_percent$$00000009) for _printf_d
    adc_code.o(.text.SysADC_Function) refers (Special) to _printf_u.o(.ARM.Collect$$_printf_percent$$0000000A) for _printf_u
    adc_code.o(.text.SysADC_Function) refers (Special) to _printf_lc.o(.ARM.Collect$$_printf_percent$$00000015) for _printf_lc
    adc_code.o(.text.SysADC_Function) refers (Special) to _printf_dec.o(.text) for _printf_int_dec
[...]
    [Anonymous Symbol]                       0x08001110   Section        0  stm32f1xx_hal_adc.o(.text.ADC_DMAHalfConvCplt)
    [Anonymous Symbol]                       0x08001118   Section        0  stm32f1xx_hal_adc.o(.text.ADC_Enable)
    [Anonymous Symbol]                       0x080011d0   Section        0  adc_code.o(.text.ADC_RPMCalc_Old)
    [Anonymous Symbol]                       0x080012d8   Section        0  stm32f1xx_it.o(.text.BusFault_Handler)
    [Anonymous Symbol]                       0x080012dc   Section        0  stm32f1xx_it.o(.text.DMA1_Channel1_IRQHandler)
    [Anonymous Symbol]                       0x080012e8   Section        0  stm32f1xx_it.o(.text.DebugMon_Handler)
    [Anonymous Symbol]                       0x080012ec   Section        0  ssd1306_display.o(.text.Display_Continuous)
    [Anonymous Symbol]                       0x0800143c   Section        0  ssd1306_display.o(.text.Display_Function_off)
    [Anonymous Symbol]                       0x080016fc   Section        0  ssd1306_display.o(.text.Display_Function_on)
    [Anonymous Symbol]                       0x080019bc   Section        0  main.o(.text.Error_Handler)
    [Anonymous Symbol]                       0x080019c8   Section        0  stm32f1xx_hal_adc.o(.text.HAL_ADC_ConfigChannel)
    [Anonymous Symbol]                       0x08001b5c   Section        0  stm32f1xx_hal_adc.o(.text.HAL_ADC_ConvCpltCallback)
    [Anonymous Symbol]                       0x08001b60   Section        0  stm32f1xx_hal_adc.o(.text.HAL_ADC_ConvHalfCpltCallback)
    [Anonymous Symbol]                       0x08001b64   Section        0  stm32f1xx_hal_adc.o(.text.HAL_ADC_ErrorCallback)
    [Anonymous Symbol]                       0x08001b68   Section        0  stm32f1xx_hal_adc.o(.text.HAL_ADC_Init)
    [Anonymous Symbol]                       0x08001cc4   Section        0  stm32f1xx_hal_msp.o(.text.HAL_ADC_MspInit)
    [Anonymous Symbol]                       0x08001d60   Section        0  stm32f1xx_hal_adc.o(.text.HAL_ADC_Start_DMA)
    [Anonymous Symbol]                       0x08001e78   Section        0  stm32f1xx_hal_dma.o(.text.HAL_DMA_IRQHandler)
    [Anonymous Symbol]                       0x08002018   Section        0  stm32f1xx_hal_dma.o(.text.HAL_DMA_Init)
    [Anonymous Symbol]                       0x080020a0   Section        0  stm32f1xx_hal_dma.o(.text.HAL_DMA_Start_IT)
    [Anonymous Symbol]                       0x0800213c   Section        0  stm32f1xx_hal.o(.text.HAL_Delay)
    [Anonymous Symbol]                       0x08002164   Section        0  stm32f1xx_hal_gpio.o(.text.HAL_GPIO_Init)
    [Anonymous Symbol]                       0x08002378   Section        0  stm32f1xx_hal_gpio.o(.text.HAL_GPIO_ReadPin)
    [Anonymous Symbol]                       0x08002384   Section        0  stm32f1xx_hal_gpio.o(.text.HAL_GPIO_TogglePin)
    [Anonymous Symbol]                       0x08002394   Section        0  stm32f1xx_hal_gpio.o(.text.HAL_GPIO_WritePin)
    [Anonymous Symbol]                       0x080023a0   Section        0  stm32f1xx_hal.o(.text.HAL_GetTick)
    [Anonymous Symbol]                       0x080023ac   Section        0  stm32f1xx_hal_i2c.o(.text.HAL_I2C_Init)
    [Anonymous Symbol]                       0x08002524   Section        0  stm32f1xx_hal_i2c.o(.text.HAL_I2C_IsDeviceReady)
    [Anonymous Symbol]                       0x08002734   Section        0  stm32f1xx_hal_i2c.o(.text.HAL_I2C_Master_Transmit)
    [Anonymous Symbol]                       0x08002908   Section        0  stm32f1xx_hal_msp.o(.text.HAL_I2C_MspInit)
    [Anonymous Symbol]                       0x08002984   Section        0  stm32f1xx_hal_iwdg.o(.text.HAL_IWDG_Init)
    [Anonymous Symbol]                       0x080029e0   Section        0  stm32f1xx_hal_iwdg.o(.text.HAL_IWDG_Refresh)
    [Anonymous Symbol]                       0x080029ec   Section        0  stm32f1xx_hal.o(.text.HAL_IncTick)
    [Anonymous Symbol]                       0x08002a08   Section        0  stm32f1xx_hal.o(.text.HAL_Init)
    [Anonymous Symbol]                       0x08002a30   Section        0  stm32f1xx_hal.o(.text.HAL_InitTick)
    [Anonymous Symbol]                       0x08002a78   Section        0  stm32f1xx_hal_msp.o(.text.HAL_MspInit)
    [Anonymous Symbol]                       0x08002abc   Section        0  stm32f1xx_hal_cortex.o(.text.HAL_NVIC_EnableIRQ)
    [Anonymous Symbol]                       0x08002adc   Section        0  stm32f1xx_hal_cortex.o(.text.HAL_NVIC_SetPriority)
    [Anonymous Symbol]                       0x08002b34   Section        0  stm32f1xx_hal_cortex.o(.text.HAL_NVIC_SetPriorityGrouping)
    [Anonymous Symbol]                       0x08002b54   Section        0  stm32f1xx_hal_rcc_ex.o(.text.HAL_RCCEx_PeriphCLKConfig)
    [Anonymous Symbol]                       0x08002c60   Section        0  stm32f1xx_hal_rcc.o(.text.HAL_RCC_ClockConfig)
    [Anonymous Symbol]                       0x08002e20   Section        0  stm32f1xx_hal_rcc.o(.text.HAL_RCC_GetPCLK1Freq)
    [Anonymous Symbol]                       0x08002e48   Section        0  stm32f1xx_hal_rcc.o(.text.HAL_RCC_OscConfig)
    [Anonymous Symbol]                       0x080031fc   Section        0  stm32f1xx_hal_cortex.o(.text.HAL_SYSTICK_Config)
    [Anonymous Symbol]                       0x08003228   Section        0  stm32f1xx_it.o(.text.HardFault_Handler)
    I2C_WaitOnBTFFlagUntilTimeout            0x0800322d   Thumb Code   190  stm32f1xx_hal_i2c.o(.text.I2C_WaitOnBTFFlagUntilTimeout)
    [Anonymous Symbol]                       0x0800322c   Section        0  stm32f1xx_hal_i2c.o(.text.I2C_WaitOnBTFFlagUntilTimeout)
    I2C_WaitOnFlagUntilTimeout               0x080032ed   Thumb Code   466  stm32f1xx_hal_i2c.o(.text.I2C_WaitOnFlagUntilTimeout)
    [Anonymous Symbol]                       0x080032ec   Section        0  stm32f1xx_hal_i2c.o(.text.I2C_WaitOnFlagUntilTimeout)
    I2C_WaitOnMasterAddressFlagUntilTimeout  0x080034c1   Thumb Code   224  stm32f1xx_hal_i2c.o(.text.I2C_WaitOnMasterAddressFlagUntilTimeout)
    [Anonymous Symbol]                       0x080034c0   Section        0  stm32f1xx_hal_i2c.o(.text.I2C_WaitOnMasterAddressFlagUntilTimeout)
    I2C_WaitOnTXEFlagUntilTimeout            0x080035a1   Thumb Code   190  stm32f1xx_hal_i2c.o(.text.I2C_WaitOnTXEFlagUntilTimeout)
    [Anonymous Symbol]                       0x080035a0   Section        0  stm32f1xx_hal_i2c.o(.text.I2C_WaitOnTXEFlagUntilTimeout)
    [Anonymous Symbol]                       0x08003660   Section        0  source_code.o(.text.Init_Code)
    [Anonymous Symbol]                       0x08003664   Section        0  stm32f1xx_it.o(.text.MemManage_Handler)
    [Anonymous Symbol]                       0x08003668   Section        0  stm32f1xx_it.o(.text.NMI_Handler)
    [Anonymous Symbol]                       0x0800366c   Section        0  logic_code.o(.text.On_Off_Time_Calculate)
    [Anonymous Symbol]                       0x080037d0   Section        0  stm32f1xx_it.o(.text.PendSV_Handler)
    [Anonymous Symbol]                       0x080037d4   Section        0  ssd1306_driver.o(.text.SSD1306_Clear)
    [Anonymous Symbol]                       0x080037f0   Section        0  ssd1306_driver.o(.text.SSD1306_GotoXY)
    [Anonymous Symbol]                       0x08003800   Section        0  ssd1306_driver.o(.text.SSD1306_Init)
    [Anonymous Symbol]                       0x08003b04   Section        0  ssd1306_display.o(.text.SSD1306_Init_Code)
    [Anonymous Symbol]                       0x08003bac   Section        0  ssd1306_driver.o(.text.SSD1306_Putc)
    [Anonymous Symbol]                       0x08003cb0   Section        0  ssd1306_driver.o(.text.SSD1306_Puts)
    [Anonymous Symbol]                       0x08003ce0   Section        0  ssd1306_driver.o(.text.SSD1306_UpdateScreen)
    [Anonymous Symbol]                       0x08003d84   Section        0  stm32f1xx_it.o(.text.SVC_Handler)
    [Anonymous Symbol]                       0x08003d88   Section        0  adc_code.o(.text.SysADC_Function)
    [Anonymous Symbol]                       0x08003f00   Section        0  source_code.o(.text.SysGPIO_Check_Status)
    [Anonymous Symbol]                       0x08003f84   Section        0  stm32f1xx_it.o(.text.SysTick_Handler)
    [Anonymous Symbol]                       0x08003f94   Section        0  logic_code.o(.text.Sys_Entire_Logic)
    [Anonymous Symbol]                       0x08004010   Section        0  system_stm32f1xx.o(.text.SystemInit)
    [Anonymous Symbol]                       0x08004014   Section        0  source_code.o(.text.Systick_Code)
    [Anonymous Symbol]                       0x0800405c   Section        0  stm32f1xx_it.o(.text.UsageFault_Handler)
    [Anonymous Symbol]                       0x08004060   Section        0  source_code.o(.text.While_Code)
    [Anonymous Symbol]                       0x08004084   Section        0  main.o(.text.main)
    CL$$btod_d2e                             0x080042f6   Section       62  btod.o(CL$$btod_d2e)
    CL$$btod_d2e_denorm_low                  0x08004334   Section       70  btod.o(CL$$btod_d2e_denorm_low)
    CL$$btod_d2e_norm_op1                    0x0800437a   Section       96  btod.o(CL$$btod_d2e_norm_op1)
    CL$$btod_div_common                      0x080043dc   Section      824  btod.o(CL$$btod_div_common)
    CL$$btod_e2e                             0x08004714   Section      220  btod.o(CL$$btod_e2e)
    CL$$btod_ediv                            0x080047f0   Section       42  btod.o(CL$$btod_ediv)
    CL$$btod_emul                            0x0800481a   Section       42  btod.o(CL$$btod_emul)
    CL$$btod_mult_common                     0x08004844   Section      580  btod.o(CL$$btod_mult_common)
    i.__ARM_fpclassify                       0x08004a88   Section        0  fpclassify.o(i.__ARM_fpclassify)
    i._is_digit                              0x08004ab0   Section        0  __printf_wp.o(i._is_digit)
    locale$$code                             0x08004ac0   Section       44  lc_numeric_c.o(locale$$code)
    locale$$code                             0x08004aec   Section       44  lc_ctype_c.o(locale$$code)
    x$fpl$d2f                                0x08004b18   Section       98  d2f.o(x$fpl$d2f)
    x$fpl$ddiv                               0x08004b7c   Section      692  ddiv.o(x$fpl$ddiv)
    ddiv_entry                               0x08004b83   Thumb Code     0  ddiv.o(x$fpl$ddiv)
    x$fpl$dfltu                              0x08004e30   Section       38  dflt_clz.o(x$fpl$dfltu)
    x$fpl$dnaninf                            0x08004e56   Section      156  dnaninf.o(x$fpl$dnaninf)
    x$fpl$dretinf                            0x08004ef2   Section       12  dretinf.o(x$fpl$dretinf)
    x$fpl$fadd                               0x08004f00   Section      196  faddsub_clz.o(x$fpl$fadd)
    _fadd1                                   0x08004f0f   Thumb Code     0  faddsub_clz.o(x$fpl$fadd)
    x$fpl$fcmp                               0x08004fc4   Section       84  fcmp.o(x$fpl$fcmp)
    x$fpl$fcmpinf                            0x08005018   Section       24  fcmpi.o(x$fpl$fcmpinf)
    x$fpl$feqf                               0x08005030   Section      104  feqf.o(x$fpl$feqf)
    x$fpl$ffix                               0x08005098   Section       54  ffix.o(x$fpl$ffix)
    x$fpl$ffltu                              0x080050d0   Section       38  fflt_clz.o(x$fpl$ffltu)
    x$fpl$fgeqf                              0x080050f8   Section      104  fgeqf.o(x$fpl$fgeqf)
    x$fpl$fleqf                              0x08005160   Section      104  fleqf.o(x$fpl$fleqf)
    x$fpl$fnaninf                            0x080051c8   Section      140  fnaninf.o(x$fpl$fnaninf)
    x$fpl$fretinf                            0x08005254   Section       10  fretinf.o(x$fpl$fretinf)
    x$fpl$fsub                               0x08005260   Section      234  faddsub_clz.o(x$fpl$fsub)
    _fsub1                                   0x0800526f   Thumb Code     0  faddsub_clz.o(x$fpl$fsub)
    x$fpl$printf1                            0x0800534a   Section        4  printf1.o(x$fpl$printf1)
    x$fpl$usenofp                            0x0800534e   Section        0  usenofp.o(x$fpl$usenofp)
    initial_mbstate                          0x08005350   Data           8  _printf_wctomb.o(.constdata)
    .constdata                               0x08005350   Section        8  _printf_wctomb.o(.constdata)
    uc_hextab                                0x08005358   Data          20  _printf_hex_int.o(.constdata)
    .constdata                               0x08005358   Section       40  _printf_hex_int.o(.constdata)
    lc_hextab                                0x0800536c   Data          20  _printf_hex_int.o(.constdata)
    maptable                                 0x08005380   Data          17  __printf_flags_ss_wp.o(.constdata)
    .constdata                               0x08005380   Section       17  __printf_flags_ss_wp.o(.constdata)
    tenpwrs_x                                0x08005394   Data          60  bigflt0.o(.constdata)
    .constdata                               0x08005394   Section      148  bigflt0.o(.constdata)
    tenpwrs_i                                0x080053d0   Data          64  bigflt0.o(.constdata)
    HAL_RCC_GetSysClockFreq.aPredivFactorTable 0x08007c54   Data           2  stm32f1xx_hal_rcc.o(.rodata.HAL_RCC_GetSysClockFreq.aPredivFactorTable)
    [Anonymous Symbol]                       0x08007c54   Section        0  stm32f1xx_hal_rcc.o(.rodata.HAL_RCC_GetSysClockFreq.aPredivFactorTable)
    HAL_RCC_GetSysClockFreq.aPLLMULFactorTable 0x08007c56   Data          16  stm32f1xx_hal_rcc.o(.rodata.cst16)
    [Anonymous Symbol]                       0x08007c56   Section        0  stm32f1xx_hal_rcc.o(.rodata.cst16)
    .L.str.33                                0x08007c66   Data          16  ssd1306_display.o(.rodata.str1.1)
    [Anonymous Symbol]                       0x08007c66   Section        0  ssd1306_display.o(.rodata.str1.1)
    .L.str.15                                0x08007c76   Data          16  ssd1306_display.o(.rodata.str1.1)
    .L.str.30                                0x08007c86   Data          16  ssd1306_display.o(.rodata.str1.1)
    .L.str.29                                0x08007c96   Data          17  ssd1306_display.o(.rodata.str1.1)
    .L.str.28                                0x08007ca7   Data          18  ssd1306_display.o(.rodata.str1.1)
    .L.str.10                                0x08007cb9   Data          18  ssd1306_display.o(.rodata.str1.1)
    .L.str.11                                0x08007ccb   Data          17  ssd1306_display.o(.rodata.str1.1)
    .L.str.12                                0x08007cdc   Data          16  ssd1306_display.o(.rodata.str1.1)
    .L.str.20                                0x08007cec   Data          17  ssd1306_display.o(.rodata.str1.4)
    [Anonymous Symbol]                       0x08007cec   Section        0  ssd1306_display.o(.rodata.str1.4)
    locale$$data                             0x08007d20   Section       28  lc_numeric_c.o(locale$$data)
    __lcnum_c_name                           0x08007d24   Data           2  lc_numeric_c.o(locale$$data)
    __lcnum_c_start                          0x08007d2c   Data           0  lc_numeric_c.o(locale$$data)
    __lcnum_c_point                          0x08007d38   Data           0  lc_numeric_c.o(locale$$data)
    __lcnum_c_thousands                      0x08007d3a   Data           0  lc_numeric_c.o(locale$$data)
    __lcnum_c_grouping                       0x08007d3b   Data           0  lc_numeric_c.o(locale$$data)
    __lcnum_c_end                            0x08007d3c   Data           0  lc_numeric_c.o(locale$$data)
    locale$$data                             0x08007d3c   Section      272  lc_ctype_c.o(locale$$data)
    __lcctype_c_name                         0x08007d40   Data           2  lc_ctype_c.o(locale$$data)
    __lcctype_c_start                        0x08007d48   Data           0  lc_ctype_c.o(locale$$data)
    __lcctype_c_end                          0x08007e4c   Data           0  lc_ctype_c.o(locale$$data)
    .L_MergedGlobals                         0x20000000   Data           8  stm32f1xx_hal.o(.data..L_MergedGlobals)
    [Anonymous Symbol]                       0x20000000   Section        0  stm32f1xx_hal.o(.data..L_MergedGlobals)
    .bss                                     0x20000028   Section       96  libspace.o(.bss)
    .L_MergedGlobals                         0x20000088   Data          68  source_code.o(.bss..L_MergedGlobals)
    [Anonymous Symbol]                       0x20000088   Section        0  source_code.o(.bss..L_MergedGlobals)
    .L_MergedGlobals                         0x200000cc   Data           6  ssd1306_driver.o(.bss..L_MergedGlobals)
    SSD1306.2                                0x200000cc   Data           1  ssd1306_driver.o(.bss..L_MergedGlobals)
    [Anonymous Symbol]                       0x200000cc   Section        0  ssd1306_driver.o(.bss..L_MergedGlobals)
    SSD1306.0                                0x200000ce   Data           2  ssd1306_driver.o(.bss..L_MergedGlobals)
    SSD1306.1                                0x200000d0   Data           2  ssd1306_driver.o(.bss..L_MergedGlobals)
    .L_MergedGlobals                         0x200000d4   Data          60  main.o(.bss..L_MergedGlobals)
    [Anonymous Symbol]                       0x200000d4   Section        0  main.o(.bss..L_MergedGlobals)
    SSD1306_Buffer                           0x2000020c   Data        1024  ssd1306_driver.o(.bss.SSD1306_Buffer)
    [Anonymous Symbol]                       0x2000020c   Section        0  ssd1306_driver.o(.bss.SSD1306_Buffer)
    Heap_Mem                                 0x200006a8   Data        1024  startup_stm32f103xb.o(HEAP)
    HEAP                                     0x200006a8   Section     1024  startup_stm32f103xb.o(HEAP)
    Stack_Mem                                0x20000aa8   Data        2048  startup_stm32f103xb.o(STACK)
    STACK                                    0x20000aa8   Section     2048  startup_stm32f103xb.o(STACK)
    __initial_sp                             0x200012a8   Data           0  startup_stm32f103xb.o(STACK)

    Global Symbols

    Symbol Name                              Value     Ov Type        Size  Object(Section)

    BuildAttributes$$THM_ISAv4$P$D$K$B$S$PE$A:L22UL41UL21$X:L11$S22US41US21$IEEE1$IW$~IW$USESV6$~STKCKD$USESV7$~SHL$OTIME$ROPI$IEEEJ$EBA8$UX$STANDARDLIB$REQ8$PRES8$EABIv2 0x00000000   Number         0  anon$$obj.o ABSOLUTE
    __fp_init_empty                          0x00000000   Number         0  fpinit_empty.o ABSOLUTE
    _printf_flags                            0x00000000   Number         0  printf_stubs.o ABSOLUTE
    _printf_return_value                     0x00000000   Number         0  printf_stubs.o ABSOLUTE
    _printf_sizespec                         0x00000000   Number         0  printf_stubs.o ABSOLUTE
    _printf_widthprec                        0x00000000   Number         0  printf_stubs.o ABSOLUTE
    __ARM_exceptions_init                     - Undefined Weak Reference
    __alloca_initialize                       - Undefined Weak Reference
    __arm_preinit_                            - Undefined Weak Reference
    __arm_relocate_pie_                       - Undefined Weak Reference
    __cpp_initialize__aeabi_                  - Undefined Weak Reference
    __cxa_finalize                            - Undefined Weak Reference
    __sigvec_lookup                           - Undefined Weak Reference
    _atexit_init                              - Undefined Weak Reference
    _call_atexit_fns                          - Undefined Weak Reference
    _clock_init                               - Undefined Weak Reference
    _fp_trap_init                             - Undefined Weak Reference
    _fp_trap_shutdown                         - Undefined Weak Reference
    _get_lc_collate                           - Undefined Weak Reference
    _get_lc_monetary                          - Undefined Weak Reference
    _get_lc_time                              - Undefined Weak Reference
    _getenv_init                              - Undefined Weak Reference
    _handle_redirection                       - Undefined Weak Reference
    _init_alloc                               - Undefined Weak Reference
    _init_user_alloc                          - Undefined Weak Reference
    _initio                                   - Undefined Weak Reference
    _printf_mbtowc                            - Undefined Weak Reference
    _printf_wc                                - Undefined Weak Reference
    _rand_init                                - Undefined Weak Reference
    _signal_finish                            - Undefined Weak Reference
    _signal_init                              - Undefined Weak Reference
    _terminate_alloc                          - Undefined Weak Reference
    _terminate_user_alloc                     - Undefined Weak Reference
    _terminateio                              - Undefined Weak Reference
    __Vectors_Size                           0x000000ec   Number         0  startup_stm32f103xb.o ABSOLUTE
    __Vectors                                0x08000000   Data           4  startup_stm32f103xb.o(RESET)
    __Vectors_End                            0x080000ec   Data           0  startup_stm32f103xb.o(RESET)
    __main                                   0x080000ed   Thumb Code     8  __main.o(!!!main)
    __scatterload                            0x080000f5   Thumb Code     0  __scatter.o(!!!scatter)
    __scatterload_rt2                        0x080000f5   Thumb Code    44  __scatter.o(!!!scatter)
    __scatterload_rt2_thumb_only             0x080000f5   Thumb Code     0  __scatter.o(!!!scatter)
    __scatterload_null                       0x08000103   Thumb Code     0  __scatter.o(!!!scatter)
    __scatterload_copy                       0x08000129   Thumb Code    26  __scatter_copy.o(!!handler_copy)
    __scatterload_zeroinit                   0x08000145   Thumb Code    28  __scatter_zi.o(!!handler_zi)
    _printf_f                                0x08000161   Thumb Code     0  _printf_f.o(.ARM.Collect$$_printf_percent$$00000003)
    _printf_percent                          0x08000161   Thumb Code     0  _printf_percent.o(.ARM.Collect$$_printf_percent$$00000000)
    _printf_i                                0x08000167   Thumb Code     0  _printf_i.o(.ARM.Collect$$_printf_percent$$00000008)
    _printf_d                                0x0800016d   Thumb Code     0  _printf_d.o(.ARM.Collect$$_printf_percent$$00000009)
    _printf_u                                0x08000173   Thumb Code     0  _printf_u.o(.ARM.Collect$$_printf_percent$$0000000A)
    _printf_o                                0x08000179   Thumb Code     0  _printf_o.o(.ARM.Collect$$_printf_percent$$0000000B)
    _printf_x                                0x0800017f   Thumb Code     0  _printf_x.o(.ARM.Collect$$_printf_percent$$0000000C)
    _printf_l                                0x08000185   Thumb Code     0  _printf_l.o(.ARM.Collect$$_printf_percent$$00000012)
    _printf_c                                0x0800018f   Thumb Code     0  _printf_c.o(.ARM.Collect$$_printf_percent$$00000013)
    _printf_lc                               0x08000195   Thumb Code     0  _printf_lc.o(.ARM.Collect$$_printf_percent$$00000015)
    _printf_percent_end                      0x0800019b   Thumb Code     0  _printf_percent_end.o(.ARM.Collect$$_printf_percent$$00000017)
    __rt_lib_init                            0x0800019f   Thumb Code     0  libinit.o(.ARM.Collect$$libinit$$00000000)
    __rt_lib_init_fp_1                       0x080001a1   Thumb Code     0  libinit2.o(.ARM.Collect$$libinit$$00000002)
    __rt_lib_init_heap_1                     0x080001a1   Thumb Code     0  libinit2.o(.ARM.Collect$$libinit$$0000000C)
    __rt_lib_init_lc_common                  0x080001a1   Thumb Code     0  libinit2.o(.ARM.Collect$$libinit$$00000011)
    __rt_lib_init_preinit_1                  0x080001a1   Thumb Code     0  libinit2.o(.ARM.Collect$$libinit$$00000006)
    __rt_lib_init_rand_1                     0x080001a1   Thumb Code     0  libinit2.o(.ARM.Collect$$libinit$$00000010)
    __rt_lib_init_relocate_pie_1             0x080001a1   Thumb Code     0  libinit2.o(.ARM.Collect$$libinit$$00000004)
    __rt_lib_init_user_alloc_1               0x080001a1   Thumb Code     0  libinit2.o(.ARM.Collect$$libinit$$0000000E)
    __rt_lib_init_lc_collate_1               0x080001a7   Thumb Code     0  libinit2.o(.ARM.Collect$$libinit$$00000013)
    __rt_lib_init_lc_ctype_2                 0x080001a7   Thumb Code     0  libinit2.o(.ARM.Collect$$libinit$$00000014)
    __rt_lib_init_lc_ctype_1                 0x080001b3   Thumb Code     0  libinit2.o(.ARM.Collect$$libinit$$00000015)
    __rt_lib_init_lc_monetary_1              0x080001b3   Thumb Code     0  libinit2.o(.ARM.Collect$$libinit$$00000017)
    __rt_lib_init_lc_numeric_2               0x080001b3   Thumb Code     0  libinit2.o(.ARM.Collect$$libinit$$00000018)
    __rt_lib_init_alloca_1                   0x080001bd   Thumb Code     0  libinit2.o(.ARM.Collect$$libinit$$00000030)
    __rt_lib_init_argv_1                     0x080001bd   Thumb Code     0  libinit2.o(.ARM.Collect$$libinit$$0000002E)
    __rt_lib_init_atexit_1                   0x080001bd   Thumb Code     0  libinit2.o(.ARM.Collect$$libinit$$0000001D)
    __rt_lib_init_clock_1                    0x080001bd   Thumb Code     0  libinit2.o(.ARM.Collect$$libinit$$00000023)
    __rt_lib_init_cpp_1                      0x080001bd   Thumb Code     0  libinit2.o(.ARM.Collect$$libinit$$00000034)
    __rt_lib_init_exceptions_1               0x080001bd   Thumb Code     0  libinit2.o(.ARM.Collect$$libinit$$00000032)
    __rt_lib_init_fp_trap_1                  0x080001bd   Thumb Code     0  libinit2.o(.ARM.Collect$$libinit$$00000021)
    __rt_lib_init_getenv_1                   0x080001bd   Thumb Code     0  libinit2.o(.ARM.Collect$$libinit$$00000025)
    __rt_lib_init_lc_numeric_1               0x080001bd   Thumb Code     0  libinit2.o(.ARM.Collect$$libinit$$00000019)
    __rt_lib_init_lc_time_1                  0x080001bd   Thumb Code     0  libinit2.o(.ARM.Collect$$libinit$$0000001B)
    __rt_lib_init_return                     0x080001bd   Thumb Code     0  libinit2.o(.ARM.Collect$$libinit$$00000035)
    __rt_lib_init_signal_1                   0x080001bd   Thumb Code     0  libinit2.o(.ARM.Collect$$libinit$$0000001F)
    __rt_lib_init_stdio_1                    0x080001bd   Thumb Code     0  libinit2.o(.ARM.Collect$$libinit$$00000027)
    __rt_lib_shutdown                        0x080001bf   Thumb Code     0  libshutdown.o(.ARM.Collect$$libshutdown$$00000000)
    __rt_lib_shutdown_cpp_1                  0x080001c1   Thumb Code     0  libshutdown2.o(.ARM.Collect$$libshutdown$$00000002)
    __rt_lib_shutdown_fp_trap_1              0x080001c1   Thumb Code     0  libshutdown2.o(.ARM.Collect$$libshutdown$$00000007)
    __rt_lib_shutdown_heap_1                 0x080001c1   Thumb Code     0  libshutdown2.o(.ARM.Collect$$libshutdown$$0000000F)
    __rt_lib_shutdown_return                 0x080001c1   Thumb Code     0  libshutdown2.o(.ARM.Collect$$libshutdown$$00000010)
    __rt_lib_shutdown_signal_1               0x080001c1   Thumb Code     0  libshutdown2.o(.ARM.Collect$$libshutdown$$0000000A)
    __rt_lib_shutdown_stdio_1                0x080001c1   Thumb Code     0  libshutdown2.o(.ARM.Collect$$libshutdown$$00000004)
    __rt_lib_shutdown_user_alloc_1           0x080001c1   Thumb Code     0  libshutdown2.o(.ARM.Collect$$libshutdown$$0000000C)
    __rt_entry                               0x080001c3   Thumb Code     0  __rtentry.o(.ARM.Collect$$rtentry$$00000000)
    __rt_entry_presh_1                       0x080001c3   Thumb Code     0  __rtentry2.o(.ARM.Collect$$rtentry$$00000002)
    __rt_entry_sh                            0x080001c3   Thumb Code     0  __rtentry4.o(.ARM.Collect$$rtentry$$00000004)
    __rt_entry_li                            0x080001c9   Thumb Code     0  __rtentry2.o(.ARM.Collect$$rtentry$$0000000A)
    __rt_entry_postsh_1                      0x080001c9   Thumb Code     0  __rtentry2.o(.ARM.Collect$$rtentry$$00000009)
    __rt_entry_main                          0x080001cd   Thumb Code     0  __rtentry2.o(.ARM.Collect$$rtentry$$0000000D)
    __rt_entry_postli_1                      0x080001cd   Thumb Code     0  __rtentry2.o(.ARM.Collect$$rtentry$$0000000C)
    __rt_exit                                0x080001d5   Thumb Code     0  rtexit.o(.ARM.Collect$$rtexit$$00000000)
    __rt_exit_ls                             0x080001d7   Thumb Code     0  rtexit2.o(.ARM.Collect$$rtexit$$00000003)
    __rt_exit_prels_1                        0x080001d7   Thumb Code     0  rtexit2.o(.ARM.Collect$$rtexit$$00000002)
    __rt_exit_exit                           0x080001db   Thumb Code     0  rtexit2.o(.ARM.Collect$$rtexit$$00000004)
    Reset_Handler                            0x080001e1   Thumb Code     8  startup_stm32f103xb.o(.text)
    ADC1_2_IRQHandler                        0x080001fb   Thumb Code     0  startup_stm32f103xb.o(.text)
    CAN1_RX1_IRQHandler                      0x080001fb   Thumb Code     0  startup_stm32f103xb.o(.text)
    CAN1_SCE_IRQHandler                      0x080001fb   Thumb Code     0  startup_stm32f103xb.o(.text)
    DMA1_Channel2_IRQHandler                 0x080001fb   Thumb Code     0  startup_stm32f103xb.o(.text)
    DMA1_Channel3_IRQHandler                 0x080001fb   Thumb Code     0  startup_stm32f103xb.o(.text)
    DMA1_Channel4_IRQHandler                 0x080001fb   Thumb Code     0  startup_stm32f103xb.o(.text)
    DMA1_Channel5_IRQHandler                 0x080001fb   Thumb Code     0  startup_stm32f103xb.o(.text)
    DMA1_Channel6_IRQHandler                 0x080001fb   Thumb Code     0  startup_stm32f103xb.o(.text)
    DMA1_Channel7_IRQHandler                 0x080001fb   Thumb Code     0  startup_stm32f103xb.o(.text)
    EXTI0_IRQHandler                         0x080001fb   Thumb Code     0  startup_stm32f103xb.o(.text)
    EXTI15_10_IRQHandler                     0x080001fb   Thumb Code     0  startup_stm32f103xb.o(.text)
    EXTI1_IRQHandler                         0x080001fb   Thumb Code     0  startup_stm32f103xb.o(.text)
    EXTI2_IRQHandler                         0x080001fb   Thumb Code     0  startup_stm32f103xb.o(.text)
    EXTI3_IRQHandler                         0x080001fb   Thumb Code     0  startup_stm32f103xb.o(.text)
    EXTI4_IRQHandler                         0x080001fb   Thumb Code     0  startup_stm32f103xb.o(.text)
    EXTI9_5_IRQHandler                       0x080001fb   Thumb Code     0  startup_stm32f103xb.o(.text)
    FLASH_IRQHandler                         0x080001fb   Thumb Code     0  startup_stm32f103xb.o(.text)
    I2C1_ER_IRQHandler                       0x080001fb   Thumb Code     0  startup_stm32f103xb.o(.text)
    I2C1_EV_IRQHandler                       0x080001fb   Thumb Code     0  startup_stm32f103xb.o(.text)
    I2C2_ER_IRQHandler                       0x080001fb   Thumb Code     0  startup_stm32f103xb.o(.text)
    I2C2_EV_IRQHandler                       0x080001fb   Thumb Code     0  startup_stm32f103xb.o(.text)
    PVD_IRQHandler                           0x080001fb   Thumb Code     0  startup_stm32f103xb.o(.text)
    RCC_IRQHandler                           0x080001fb   Thumb Code     0  startup_stm32f103xb.o(.text)
    RTC_Alarm_IRQHandler                     0x080001fb   Thumb Code     0  startup_stm32f103xb.o(.text)
    RTC_IRQHandler                           0x080001fb   Thumb Code     0  startup_stm32f103xb.o(.text)
    SPI1_IRQHandler                          0x080001fb   Thumb Code     0  startup_stm32f103xb.o(.text)
    SPI2_IRQHandler                          0x080001fb   Thumb Code     0  startup_stm32f103xb.o(.text)
    TAMPER_IRQHandler                        0x080001fb   Thumb Code     0  startup_stm32f103xb.o(.text)
    TIM1_BRK_IRQHandler                      0x080001fb   Thumb Code     0  startup_stm32f103xb.o(.text)
    TIM1_CC_IRQHandler                       0x080001fb   Thumb Code     0  startup_stm32f103xb.o(.text)
    TIM1_TRG_COM_IRQHandler                  0x080001fb   Thumb Code     0  startup_stm32f103xb.o(.text)
    TIM1_UP_IRQHandler                       0x080001fb   Thumb Code     0  startup_stm32f103xb.o(.text)
    TIM2_IRQHandler                          0x080001fb   Thumb Code     0  startup_stm32f103xb.o(.text)
    TIM3_IRQHandler                          0x080001fb   Thumb Code     0  startup_stm32f103xb.o(.text)
    TIM4_IRQHandler                          0x080001fb   Thumb Code     0  startup_stm32f103xb.o(.text)
    USART1_IRQHandler                        0x080001fb   Thumb Code     0  startup_stm32f103xb.o(.text)
    USART2_IRQHandler                        0x080001fb   Thumb Code     0  startup_stm32f103xb.o(.text)
    USART3_IRQHandler                        0x080001fb   Thumb Code     0  startup_stm32f103xb.o(.text)
    USBWakeUp_IRQHandler                     0x080001fb   Thumb Code     0  startup_stm32f103xb.o(.text)
    USB_HP_CAN1_TX_IRQHandler                0x080001fb   Thumb Code     0  startup_stm32f103xb.o(.text)
    USB_LP_CAN1_RX0_IRQHandler               0x080001fb   Thumb Code     0  startup_stm32f103xb.o(.text)
    WWDG_IRQHandler                          0x080001fb   Thumb Code     0  startup_stm32f103xb.o(.text)
    __user_initial_stackheap                 0x080001fd   Thumb Code     0  startup_stm32f103xb.o(.text)
    __2sprintf                               0x08000221   Thumb Code    34  noretval__2sprintf.o(.text)
    _printf_pre_padding                      0x08000249   Thumb Code    44  _printf_pad.o(.text)
    _printf_post_padding                     0x08000275   Thumb Code    34  _printf_pad.o(.text)
    _printf_truncate_signed                  0x08000297   Thumb Code    18  _printf_truncate.o(.text)
    _printf_truncate_unsigned                0x080002a9   Thumb Code    18  _printf_truncate.o(.text)
    _printf_str                              0x080002bb   Thumb Code    82  _printf_str.o(.text)
    _printf_int_dec                          0x0800030d   Thumb Code   104  _printf_dec.o(.text)
    _printf_wctomb                           0x08000385   Thumb Code   182  _printf_wctomb.o(.text)
    _printf_int_oct                          0x08000441   Thumb Code    74  _printf_oct_int.o(.text)
    _printf_longlong_oct                     0x08000441   Thumb Code     0  _printf_oct_int.o(.text)
    _printf_int_hex                          0x08000495   Thumb Code    84  _printf_hex_int.o(.text)
    _printf_longlong_hex                     0x08000495   Thumb Code     0  _printf_hex_int.o(.text)
    __printf                                 0x080004ed   Thumb Code   388  __printf_flags_ss_wp.o(.text)
    strcpy                                   0x08000675   Thumb Code    72  strcpy.o(.text)
    __aeabi_memcpy                           0x080006bd   Thumb Code     0  rt_memcpy_v6.o(.text)
    __rt_memcpy                              0x080006bd   Thumb Code   138  rt_memcpy_v6.o(.text)
    _memcpy_lastbytes                        0x08000723   Thumb Code     0  rt_memcpy_v6.o(.text)
    __aeabi_memclr4                          0x08000747   Thumb Code     0  rt_memclr_w.o(.text)
    __aeabi_memclr8                          0x08000747   Thumb Code     0  rt_memclr_w.o(.text)
    __rt_memclr_w                            0x08000747   Thumb Code     0  rt_memclr_w.o(.text)
    _memset_w                                0x0800074b   Thumb Code    74  rt_memclr_w.o(.text)
    __use_two_region_memory                  0x08000795   Thumb Code     2  heapauxi.o(.text)
    __rt_heap_escrow$2region                 0x08000797   Thumb Code     2  heapauxi.o(.text)
    __rt_heap_expand$2region                 0x08000799   Thumb Code     2  heapauxi.o(.text)
    _printf_int_common                       0x0800079b   Thumb Code   178  _printf_intcommon.o(.text)
    _printf_fp_dec_real                      0x080009fd   Thumb Code   620  _printf_fp_dec.o(.text)
    _printf_char_common                      0x08000c73   Thumb Code    32  _printf_char_common.o(.text)
    _sputc                                   0x08000c99   Thumb Code    10  _sputc.o(.text)
    _printf_cs_common                        0x08000ca3   Thumb Code    20  _printf_char.o(.text)
    _printf_char                             0x08000cb7   Thumb Code    16  _printf_char.o(.text)
    _printf_string                           0x08000cc7   Thumb Code     8  _printf_char.o(.text)
    _printf_lcs_common                       0x08000ccf   Thumb Code    20  _printf_wchar.o(.text)
    _printf_wchar                            0x08000ce3   Thumb Code    16  _printf_wchar.o(.text)
    _printf_wstring                          0x08000cf3   Thumb Code     8  _printf_wchar.o(.text)
    _c16rtomb                                0x08000cfb   Thumb Code    72  _c16rtomb.o(.text)
    _wcrtomb                                 0x08000cfb   Thumb Code     0  _c16rtomb.o(.text)
    __aeabi_memcpy4                          0x08000d43   Thumb Code     0  rt_memcpy_w.o(.text)
    __aeabi_memcpy8                          0x08000d43   Thumb Code     0  rt_memcpy_w.o(.text)
    __rt_memcpy_w                            0x08000d43   Thumb Code   100  rt_memcpy_w.o(.text)
    _memcpy_lastbytes_aligned                0x08000d8b   Thumb Code     0  rt_memcpy_w.o(.text)
    __rt_ctype_table                         0x08000da9   Thumb Code    16  rt_ctype_table.o(.text)
    __rt_locale                              0x08000db9   Thumb Code     8  rt_locale_intlibspace.o(.text)
    _ll_udiv10                               0x08000dc1   Thumb Code   138  lludiv10.o(.text)
    _printf_fp_infnan                        0x08000e4d   Thumb Code   112  _printf_fp_infnan.o(.text)
    _btod_etento                             0x08000ecd   Thumb Code   224  bigflt0.o(.text)
    __user_libspace                          0x08000fb1   Thumb Code     8  libspace.o(.text)
    __user_perproc_libspace                  0x08000fb1   Thumb Code     0  libspace.o(.text)
    __user_perthread_libspace                0x08000fb1   Thumb Code     0  libspace.o(.text)
    __user_setup_stackheap                   0x08000fb9   Thumb Code    74  sys_stackheap_outer.o(.text)
    exit                                     0x08001003   Thumb Code    18  exit.o(.text)
    strcmp                                   0x08001015   Thumb Code   128  strcmpv7m.o(.text)
    _sys_exit                                0x08001095   Thumb Code     8  sys_exit.o(.text)
    __I$use$semihosting                      0x080010a1   Thumb Code     0  use_no_semi.o(.text)
    __use_no_semihosting_swi                 0x080010a1   Thumb Code     2  use_no_semi.o(.text)
    __semihosting_library_function           0x080010a3   Thumb Code     0  indicate_semi.o(.text)
    ADC_DMAConvCplt                          0x080010a5   Thumb Code    82  stm32f1xx_hal_adc.o(.text.ADC_DMAConvCplt)
    ADC_DMAError                             0x080010f9   Thumb Code    22  stm32f1xx_hal_adc.o(.text.ADC_DMAError)
    ADC_DMAHalfConvCplt                      0x08001111   Thumb Code     6  stm32f1xx_hal_adc.o(.text.ADC_DMAHalfConvCplt)
    ADC_Enable                               0x08001119   Thumb Code   182  stm32f1xx_hal_adc.o(.text.ADC_Enable)
    ADC_RPMCalc_Old                          0x080011d1   Thumb Code   200  adc_code.o(.text.ADC_RPMCalc_Old)
    BusFault_Handler                         0x080012d9   Thumb Code     2  stm32f1xx_it.o(.text.BusFault_Handler)
    DMA1_Channel1_IRQHandler                 0x080012dd   Thumb Code    12  stm32f1xx_it.o(.text.DMA1_Channel1_IRQHandler)
    DebugMon_Handler                         0x080012e9   Thumb Code     2  stm32f1xx_it.o(.text.DebugMon_Handler)
    Display_Continuous                       0x080012ed   Thumb Code   334  ssd1306_display.o(.text.Display_Continuous)
    Display_Function_off                     0x0800143d   Thumb Code   552  ssd1306_display.o(.text.Display_Function_off)
    Display_Function_on                      0x080016fd   Thumb Code   552  ssd1306_display.o(.text.Display_Function_on)
    Error_Handler                            0x080019bd   Thumb Code    10  main.o(.text.Error_Handler)
    HAL_ADC_ConfigChannel                    0x080019c9   Thumb Code   404  stm32f1xx_hal_adc.o(.text.HAL_ADC_ConfigChannel)
    HAL_ADC_ConvCpltCallback                 0x08001b5d   Thumb Code     2  stm32f1xx_hal_adc.o(.text.HAL_ADC_ConvCpltCallback)
    HAL_ADC_ConvHalfCpltCallback             0x08001b61   Thumb Code     2  stm32f1xx_hal_adc.o(.text.HAL_ADC_ConvHalfCpltCallback)
    HAL_ADC_ErrorCallback                    0x08001b65   Thumb Code     2  stm32f1xx_hal_adc.o(.text.HAL_ADC_ErrorCallback)
    HAL_ADC_Init                             0x08001b69   Thumb Code   348  stm32f1xx_hal_adc.o(.text.HAL_ADC_Init)
    HAL_ADC_MspInit                          0x08001cc5   Thumb Code   156  stm32f1xx_hal_msp.o(.text.HAL_ADC_MspInit)
    HAL_ADC_Start_DMA                        0x08001d61   Thumb Code   280  stm32f1xx_hal_adc.o(.text.HAL_ADC_Start_DMA)
    HAL_DMA_IRQHandler                       0x08001e79   Thumb Code   416  stm32f1xx_hal_dma.o(.text.HAL_DMA_IRQHandler)
    HAL_DMA_Init                             0x08002019   Thumb Code   136  stm32f1xx_hal_dma.o(.text.HAL_DMA_Init)
    HAL_DMA_Start_IT                         0x080020a1   Thumb Code   156  stm32f1xx_hal_dma.o(.text.HAL_DMA_Start_IT)
    HAL_Delay                                0x0800213d   Thumb Code    40  stm32f1xx_hal.o(.text.HAL_Delay)
    HAL_GPIO_Init                            0x08002165   Thumb Code   530  stm32f1xx_hal_gpio.o(.text.HAL_GPIO_Init)
    HAL_GPIO_ReadPin                         0x08002379   Thumb Code    10  stm32f1xx_hal_gpio.o(.text.HAL_GPIO_ReadPin)
    HAL_GPIO_TogglePin                       0x08002385   Thumb Code    16  stm32f1xx_hal_gpio.o(.text.HAL_GPIO_TogglePin)
    HAL_GPIO_WritePin                        0x08002395   Thumb Code    10  stm32f1xx_hal_gpio.o(.text.HAL_GPIO_WritePin)
    HAL_GetTick                              0x080023a1   Thumb Code    12  stm32f1xx_hal.o(.text.HAL_GetTick)
    HAL_I2C_Init                             0x080023ad   Thumb Code   374  stm32f1xx_hal_i2c.o(.text.HAL_I2C_Init)
    HAL_I2C_IsDeviceReady                    0x08002525   Thumb Code   526  stm32f1xx_hal_i2c.o(.text.HAL_I2C_IsDeviceReady)
    HAL_I2C_Master_Transmit                  0x08002735   Thumb Code   468  stm32f1xx_hal_i2c.o(.text.HAL_I2C_Master_Transmit)
    HAL_I2C_MspInit                          0x08002909   Thumb Code   122  stm32f1xx_hal_msp.o(.text.HAL_I2C_MspInit)
    HAL_IWDG_Init                            0x08002985   Thumb Code    92  stm32f1xx_hal_iwdg.o(.text.HAL_IWDG_Init)
    HAL_IWDG_Refresh                         0x080029e1   Thumb Code    12  stm32f1xx_hal_iwdg.o(.text.HAL_IWDG_Refresh)
    HAL_IncTick                              0x080029ed   Thumb Code    26  stm32f1xx_hal.o(.text.HAL_IncTick)
    HAL_Init                                 0x08002a09   Thumb Code    38  stm32f1xx_hal.o(.text.HAL_Init)
    HAL_InitTick                             0x08002a31   Thumb Code    72  stm32f1xx_hal.o(.text.HAL_InitTick)
    HAL_MspInit                              0x08002a79   Thumb Code    66  stm32f1xx_hal_msp.o(.text.HAL_MspInit)
    HAL_NVIC_EnableIRQ                       0x08002abd   Thumb Code    32  stm32f1xx_hal_cortex.o(.text.HAL_NVIC_EnableIRQ)
    HAL_NVIC_SetPriority                     0x08002add   Thumb Code    86  stm32f1xx_hal_cortex.o(.text.HAL_NVIC_SetPriority)
    HAL_NVIC_SetPriorityGrouping             0x08002b35   Thumb Code    32  stm32f1xx_hal_cortex.o(.text.HAL_NVIC_SetPriorityGrouping)
    HAL_RCCEx_PeriphCLKConfig                0x08002b55   Thumb Code   266  stm32f1xx_hal_rcc_ex.o(.text.HAL_RCCEx_PeriphCLKConfig)
    HAL_RCC_ClockConfig                      0x08002c61   Thumb Code   446  stm32f1xx_hal_rcc.o(.text.HAL_RCC_ClockConfig)
    HAL_RCC_GetPCLK1Freq                     0x08002e21   Thumb Code    38  stm32f1xx_hal_rcc.o(.text.HAL_RCC_GetPCLK1Freq)
    HAL_RCC_OscConfig                        0x08002e49   Thumb Code   948  stm32f1xx_hal_rcc.o(.text.HAL_RCC_OscConfig)
    HAL_SYSTICK_Config                       0x080031fd   Thumb Code    44  stm32f1xx_hal_cortex.o(.text.HAL_SYSTICK_Config)
    HardFault_Handler                        0x08003229   Thumb Code     2  stm32f1xx_it.o(.text.HardFault_Handler)
    Init_Code                                0x08003661   Thumb Code     4  source_code.o(.text.Init_Code)
    MemManage_Handler                        0x08003665   Thumb Code     2  stm32f1xx_it.o(.text.MemManage_Handler)
    NMI_Handler                              0x08003669   Thumb Code     2  stm32f1xx_it.o(.text.NMI_Handler)
    On_Off_Time_Calculate                    0x0800366d   Thumb Code   354  logic_code.o(.text.On_Off_Time_Calculate)
    PendSV_Handler                           0x080037d1   Thumb Code     2  stm32f1xx_it.o(.text.PendSV_Handler)
    SSD1306_Clear                            0x080037d5   Thumb Code    26  ssd1306_driver.o(.text.SSD1306_Clear)
    SSD1306_GotoXY                           0x080037f1   Thumb Code    14  ssd1306_driver.o(.text.SSD1306_GotoXY)
    SSD1306_Init                             0x08003801   Thumb Code   772  ssd1306_driver.o(.text.SSD1306_Init)
    SSD1306_Init_Code                        0x08003b05   Thumb Code   132  ssd1306_display.o(.text.SSD1306_Init_Code)
    SSD1306_Putc                             0x08003bad   Thumb Code   258  ssd1306_driver.o(.text.SSD1306_Putc)
    SSD1306_Puts                             0x08003cb1   Thumb Code    48  ssd1306_driver.o(.text.SSD1306_Puts)
    SSD1306_UpdateScreen                     0x08003ce1   Thumb Code   164  ssd1306_driver.o(.text.SSD1306_UpdateScreen)
    SVC_Handler                              0x08003d85   Thumb Code     2  stm32f1xx_it.o(.text.SVC_Handler)
    SysADC_Function                          0x08003d89   Thumb Code   376  adc_code.o(.text.SysADC_Function)
    SysGPIO_Check_Status                     0x08003f01   Thumb Code   130  source_code.o(.text.SysGPIO_Check_Status)
    SysTick_Handler                          0x08003f85   Thumb Code    14  stm32f1xx_it.o(.text.SysTick_Handler)
    Sys_Entire_Logic                         0x08003f95   Thumb Code   124  logic_code.o(.text.Sys_Entire_Logic)
    SystemInit                               0x08004011   Thumb Code     2  system_stm32f1xx.o(.text.SystemInit)
    Systick_Code                             0x08004015   Thumb Code    70  source_code.o(.text.Systick_Code)
    UsageFault_Handler                       0x0800405d   Thumb Code     2  stm32f1xx_it.o(.text.UsageFault_Handler)
    While_Code                               0x08004061   Thumb Code    36  source_code.o(.text.While_Code)
    main                                     0x08004085   Thumb Code   626  main.o(.text.main)
    _btod_d2e                                0x080042f7   Thumb Code    62  btod.o(CL$$btod_d2e)
    _d2e_denorm_low                          0x08004335   Thumb Code    70  btod.o(CL$$btod_d2e_denorm_low)
    _d2e_norm_op1                            0x0800437b   Thumb Code    96  btod.o(CL$$btod_d2e_norm_op1)
    __btod_div_common                        0x080043dd   Thumb Code   696  btod.o(CL$$btod_div_common)
    _e2e                                     0x08004715   Thumb Code   220  btod.o(CL$$btod_e2e)
    _btod_ediv                               0x080047f1   Thumb Code    42  btod.o(CL$$btod_ediv)
    _btod_emul                               0x0800481b   Thumb Code    42  btod.o(CL$$btod_emul)
    __btod_mult_common                       0x08004845   Thumb Code   580  btod.o(CL$$btod_mult_common)
    __ARM_fpclassify                         0x08004a89   Thumb Code    40  fpclassify.o(i.__ARM_fpclassify)
    _is_digit                                0x08004ab1   Thumb Code    14  __printf_wp.o(i._is_digit)
    _get_lc_numeric                          0x08004ac1   Thumb Code    44  lc_numeric_c.o(locale$$code)
    _get_lc_ctype                            0x08004aed   Thumb Code    44  lc_ctype_c.o(locale$$code)
    __aeabi_d2f                              0x08004b19   Thumb Code     0  d2f.o(x$fpl$d2f)
    _d2f                                     0x08004b19   Thumb Code    98  d2f.o(x$fpl$d2f)
    __aeabi_ddiv                             0x08004b7d   Thumb Code     0  ddiv.o(x$fpl$ddiv)
    _ddiv                                    0x08004b7d   Thumb Code   556  ddiv.o(x$fpl$ddiv)
    __aeabi_ui2d                             0x08004e31   Thumb Code     0  dflt_clz.o(x$fpl$dfltu)
    _dfltu                                   0x08004e31   Thumb Code    38  dflt_clz.o(x$fpl$dfltu)
    __fpl_dnaninf                            0x08004e57   Thumb Code   156  dnaninf.o(x$fpl$dnaninf)
    __fpl_dretinf                            0x08004ef3   Thumb Code    12  dretinf.o(x$fpl$dretinf)
    __aeabi_fadd                             0x08004f01   Thumb Code     0  faddsub_clz.o(x$fpl$fadd)
    _fadd                                    0x08004f01   Thumb Code   196  faddsub_clz.o(x$fpl$fadd)
    __aeabi_fcmpeq                           0x08004fc5   Thumb Code     0  fcmp.o(x$fpl$fcmp)
    _feq                                     0x08004fc5   Thumb Code    14  fcmp.o(x$fpl$fcmp)
    _fneq                                    0x08004fd3   Thumb Code    14  fcmp.o(x$fpl$fcmp)
    __aeabi_fcmpgt                           0x08004fe1   Thumb Code     0  fcmp.o(x$fpl$fcmp)
    _fgr                                     0x08004fe1   Thumb Code    14  fcmp.o(x$fpl$fcmp)
    __aeabi_fcmpge                           0x08004fef   Thumb Code     0  fcmp.o(x$fpl$fcmp)
    _fgeq                                    0x08004fef   Thumb Code    14  fcmp.o(x$fpl$fcmp)
    __aeabi_fcmple                           0x08004ffd   Thumb Code     0  fcmp.o(x$fpl$fcmp)
    _fleq                                    0x08004ffd   Thumb Code    14  fcmp.o(x$fpl$fcmp)
    __aeabi_fcmplt                           0x0800500b   Thumb Code     0  fcmp.o(x$fpl$fcmp)
    _fls                                     0x0800500b   Thumb Code    14  fcmp.o(x$fpl$fcmp)
    __fpl_fcmp_Inf                           0x08005019   Thumb Code    24  fcmpi.o(x$fpl$fcmpinf)
    __aeabi_cfcmpeq                          0x08005031   Thumb Code     0  feqf.o(x$fpl$feqf)
    _fcmpeq                                  0x08005031   Thumb Code   104  feqf.o(x$fpl$feqf)
    __aeabi_f2iz                             0x08005099   Thumb Code     0  ffix.o(x$fpl$ffix)
    _ffix                                    0x08005099   Thumb Code    54  ffix.o(x$fpl$ffix)
    __aeabi_ui2f                             0x080050d1   Thumb Code     0  fflt_clz.o(x$fpl$ffltu)
    _ffltu                                   0x080050d1   Thumb Code    38  fflt_clz.o(x$fpl$ffltu)
    _fcmpge                                  0x080050f9   Thumb Code   104  fgeqf.o(x$fpl$fgeqf)
    __aeabi_cfcmple                          0x08005161   Thumb Code     0  fleqf.o(x$fpl$fleqf)
    _fcmple                                  0x08005161   Thumb Code   104  fleqf.o(x$fpl$fleqf)
    __fpl_fcmple_InfNaN                      0x080051b3   Thumb Code     0  fleqf.o(x$fpl$fleqf)
    __fpl_fnaninf                            0x080051c9   Thumb Code   140  fnaninf.o(x$fpl$fnaninf)
    __fpl_fretinf                            0x08005255   Thumb Code    10  fretinf.o(x$fpl$fretinf)
    __aeabi_fsub                             0x08005261   Thumb Code     0  faddsub_clz.o(x$fpl$fsub)
    _fsub                                    0x08005261   Thumb Code   234  faddsub_clz.o(x$fpl$fsub)
    _printf_fp_dec                           0x0800534b   Thumb Code     4  printf1.o(x$fpl$printf1)
    __I$use$fp                               0x0800534e   Number         0  usenofp.o(x$fpl$usenofp)
    AHBPrescTable                            0x08005428   Data          16  system_stm32f1xx.o(.rodata.AHBPrescTable)
    APBPrescTable                            0x08005438   Data           8  system_stm32f1xx.o(.rodata.APBPrescTable)
    Font11x18                                0x08005440   Data        3420  ssd1306_driver.o(.rodata.Font11x18)
    Font16x26                                0x0800619c   Data        4940  ssd1306_driver.o(.rodata.Font16x26)
    Font7x10                                 0x080074e8   Data        1900  ssd1306_driver.o(.rodata.Font7x10)
    Region$$Table$$Base                      0x08007d00   Number         0  anon$$obj.o(Region$$Table)
    Region$$Table$$Limit                     0x08007d20   Number         0  anon$$obj.o(Region$$Table)
    __ctype                                  0x08007d49   Data           0  lc_ctype_c.o(locale$$data)
    uwTickFreq                               0x20000000   Data           1  stm32f1xx_hal.o(.data..L_MergedGlobals)
    uwTickPrio                               0x20000004   Data           4  stm32f1xx_hal.o(.data..L_MergedGlobals)
    Font_11x18                               0x20000008   Data           8  ssd1306_driver.o(.data.Font_11x18)
    Font_16x26                               0x20000010   Data           8  ssd1306_driver.o(.data.Font_16x26)
    Font_7x10                                0x20000018   Data           8  ssd1306_driver.o(.data.Font_7x10)
    SystemCoreClock                          0x20000020   Data           4  system_stm32f1xx.o(.data.SystemCoreClock)
    __libspace_start                         0x20000028   Data          96  libspace.o(.bss)
    Sys                                      0x20000088   Data          24  source_code.o(.bss..L_MergedGlobals)
    __temporary_stack_top$libspace           0x20000088   Data           0  libspace.o(.bss)
    DBG                                      0x200000a0   Data          44  source_code.o(.bss..L_MergedGlobals)
    hiwdg                                    0x200000d4   Data          12  main.o(.bss..L_MergedGlobals)
    hadc1                                    0x200000e0   Data          48  main.o(.bss..L_MergedGlobals)
    Disp                                     0x20000110   Data          30  ssd1306_display.o(.bss.Disp)
    GADC                                     0x20000130   Data         196  adc_code.o(.bss.GADC)
    SCBL                                     0x200001f4   Data          24  logic_code.o(.bss.SCBL)
    hdma_adc1                                0x2000060c   Data          68  main.o(.bss.hdma_adc1)
    hi2c1                                    0x20000650   Data          84  main.o(.bss.hi2c1)
    uwTick                                   0x200006a4   Data           4  stm32f1xx_hal.o(.bss.uwTick)



==============================================================================

Memory Map of the image

  Image Entry point : 0x080000ed

  Load Region LR_IROM1 (Base: 0x08000000, Size: 0x00007e78, Max: 0x00010000, ABSOLUTE)

    Execution Region ER_IROM1 (Exec base: 0x08000000, Load base: 0x08000000, Size: 0x00007e4c, Max: 0x00010000, ABSOLUTE)

    Exec Addr    Load Addr    Size         Type   Attr      Idx    E Section Name        Object

    0x08000000   0x08000000   0x000000ec   Data   RO            3    RESET               startup_stm32f103xb.o
    0x080000ec   0x080000ec   0x00000008   Code   RO          918  * !!!main             c_w.l(__main.o)
    0x080000f4   0x080000f4   0x00000034   Code   RO         1212    !!!scatter          c_w.l(__scatter.o)
    0x08000128   0x08000128   0x0000001a   Code   RO         1214    !!handler_copy      c_w.l(__scatter_copy.o)
    0x08000142   0x08000142   0x00000002   PAD
    0x08000144   0x08000144   0x0000001c   Code   RO         1216    !!handler_zi        c_w.l(__scatter_zi.o)
    0x08000160   0x08000160   0x00000000   Code   RO          904    .ARM.Collect$$_printf_percent$$00000000  c_w.l(_printf_percent.o)
    0x08000160   0x08000160   0x00000006   Code   RO          903    .ARM.Collect$$_printf_percent$$00000003  c_w.l(_printf_f.o)
    0x08000166   0x08000166   0x00000006   Code   RO          900    .ARM.Collect$$_printf_percent$$00000008  c_w.l(_printf_i.o)
    0x0800016c   0x0800016c   0x00000006   Code   RO          901    .ARM.Collect$$_printf_percent$$00000009  c_w.l(_printf_d.o)
    0x08000172   0x08000172   0x00000006   Code   RO          902    .ARM.Collect$$_printf_percent$$0000000A  c_w.l(_printf_u.o)
    0x08000178   0x08000178   0x00000006   Code   RO          899    .ARM.Collect$$_printf_percent$$0000000B  c_w.l(_printf_o.o)
    0x0800017e   0x0800017e   0x00000006   Code   RO          898    .ARM.Collect$$_printf_percent$$0000000C  c_w.l(_printf_x.o)
    0x08000184   0x08000184   0x0000000a   Code   RO          972    .ARM.Collect$$_printf_percent$$00000012  c_w.l(_printf_l.o)
    0x0800018e   0x0800018e   0x00000006   Code   RO          897    .ARM.Collect$$_printf_percent$$00000013  c_w.l(_printf_c.o)
    0x08000194   0x08000194   0x00000006   Code   RO          905    .ARM.Collect$$_printf_percent$$00000015  c_w.l(_printf_lc.o)
    0x0800019a   0x0800019a   0x00000004   Code   RO          971    .ARM.Collect$$_printf_percent$$00000017  c_w.l(_printf_percent_end.o)
    0x0800019e   0x0800019e   0x00000002   Code   RO         1075    .ARM.Collect$$libinit$$00000000  c_w.l(libinit.o)
    0x080001a0   0x080001a0   0x00000000   Code   RO         1077    .ARM.Collect$$libinit$$00000002  c_w.l(libinit2.o)
    0x080001a0   0x080001a0   0x00000000   Code   RO         1079    .ARM.Collect$$libinit$$00000004  c_w.l(libinit2.o)
    0x080001a0   0x080001a0   0x00000000   Code   RO         1081    .ARM.Collect$$libinit$$00000006  c_w.l(libinit2.o)
    0x080001a0   0x080001a0   0x00000000   Code   RO         1084    .ARM.Collect$$libinit$$0000000C  c_w.l(libinit2.o)
    0x080001a0   0x080001a0   0x00000000   Code   RO         1086    .ARM.Collect$$libinit$$0000000E  c_w.l(libinit2.o)
    0x080001a0   0x080001a0   0x00000000   Code   RO         1088    .ARM.Collect$$libinit$$00000010  c_w.l(libinit2.o)
    0x080001a0   0x080001a0   0x00000006   Code   RO         1089    .ARM.Collect$$libinit$$00000011  c_w.l(libinit2.o)
    0x080001a6   0x080001a6   0x00000000   Code   RO         1091    .ARM.Collect$$libinit$$00000013  c_w.l(libinit2.o)
    0x080001a6   0x080001a6   0x0000000c   Code   RO         1092    .ARM.Collect$$libinit$$00000014  c_w.l(libinit2.o)
    0x080001b2   0x080001b2   0x00000000   Code   RO         1093    .ARM.Collect$$libinit$$00000015  c_w.l(libinit2.o)
    0x080001b2   0x080001b2   0x00000000   Code   RO         1095    .ARM.Collect$$libinit$$00000017  c_w.l(libinit2.o)
    0x080001b2   0x080001b2   0x0000000a   Code   RO         1096    .ARM.Collect$$libinit$$00000018  c_w.l(libinit2.o)
    0x080001bc   0x080001bc   0x00000000   Code   RO         1097    .ARM.Collect$$libinit$$00000019  c_w.l(libinit2.o)
    0x080001bc   0x080001bc   0x00000000   Code   RO         1099    .ARM.Collect$$libinit$$0000001B  c_w.l(libinit2.o)
    0x080001bc   0x080001bc   0x00000000   Code   RO         1101    .ARM.Collect$$libinit$$0000001D  c_w.l(libinit2.o)
    0x080001bc   0x080001bc   0x00000000   Code   RO         1103    .ARM.Collect$$libinit$$0000001F  c_w.l(libinit2.o)
    0x080001bc   0x080001bc   0x00000000   Code   RO         1105    .ARM.Collect$$libinit$$00000021  c_w.l(libinit2.o)
    0x080001bc   0x080001bc   0x00000000   Code   RO         1107    .ARM.Collect$$libinit$$00000023  c_w.l(libinit2.o)
    0x080001bc   0x080001bc   0x00000000   Code   RO         1109    .ARM.Collect$$libinit$$00000025  c_w.l(libinit2.o)
    0x080001bc   0x080001bc   0x00000000   Code   RO         1111    .ARM.Collect$$libinit$$00000027  c_w.l(libinit2.o)
    0x080001bc   0x080001bc   0x00000000   Code   RO         1115    .ARM.Collect$$libinit$$0000002E  c_w.l(libinit2.o)
    0x080001bc   0x080001bc   0x00000000   Code   RO         1117    .ARM.Collect$$libinit$$00000030  c_w.l(libinit2.o)
    0x080001bc   0x080001bc   0x00000000   Code   RO         1119    .ARM.Collect$$libinit$$00000032  c_w.l(libinit2.o)
    0x080001bc   0x080001bc   0x00000000   Code   RO         1121    .ARM.Collect$$libinit$$00000034  c_w.l(libinit2.o)
    0x080001bc   0x080001bc   0x00000002   Code   RO         1122    .ARM.Collect$$libinit$$00000035  c_w.l(libinit2.o)
    0x080001be   0x080001be   0x00000002   Code   RO         1158    .ARM.Collect$$libshutdown$$00000000  c_w.l(libshutdown.o)
    0x080001c0   0x080001c0   0x00000000   Code   RO         1169    .ARM.Collect$$libshutdown$$00000002  c_w.l(libshutdown2.o)
    0x080001c0   0x080001c0   0x00000000   Code   RO         1171    .ARM.Collect$$libshutdown$$00000004  c_w.l(libshutdown2.o)
    0x080001c0   0x080001c0   0x00000000   Code   RO         1174    .ARM.Collect$$libshutdown$$00000007  c_w.l(libshutdown2.o)
    0x080001c0   0x080001c0   0x00000000   Code   RO         1177    .ARM.Collect$$libshutdown$$0000000A  c_w.l(libshutdown2.o)
    0x080001c0   0x080001c0   0x00000000   Code   RO         1179    .ARM.Collect$$libshutdown$$0000000C  c_w.l(libshutdown2.o)
    0x080001c0   0x080001c0   0x00000000   Code   RO         1182    .ARM.Collect$$libshutdown$$0000000F  c_w.l(libshutdown2.o)
    0x080001c0   0x080001c0   0x00000002   Code   RO         1183    .ARM.Collect$$libshutdown$$00000010  c_w.l(libshutdown2.o)
    0x080001c2   0x080001c2   0x00000000   Code   RO          956    .ARM.Collect$$rtentry$$00000000  c_w.l(__rtentry.o)
    0x080001c2   0x080001c2   0x00000000   Code   RO          993    .ARM.Collect$$rtentry$$00000002  c_w.l(__rtentry2.o)
    0x080001c2   0x080001c2   0x00000006   Code   RO         1005    .ARM.Collect$$rtentry$$00000004  c_w.l(__rtentry4.o)
    0x080001c8   0x080001c8   0x00000000   Code   RO          995    .ARM.Collect$$rtentry$$00000009  c_w.l(__rtentry2.o)
    0x080001c8   0x080001c8   0x00000004   Code   RO          996    .ARM.Collect$$rtentry$$0000000A  c_w.l(__rtentry2.o)
    0x080001cc   0x080001cc   0x00000000   Code   RO          998    .ARM.Collect$$rtentry$$0000000C  c_w.l(__rtentry2.o)
    0x080001cc   0x080001cc   0x00000008   Code   RO          999    .ARM.Collect$$rtentry$$0000000D  c_w.l(__rtentry2.o)
    0x080001d4   0x080001d4   0x00000002   Code   RO         1123    .ARM.Collect$$rtexit$$00000000  c_w.l(rtexit.o)
    0x080001d6   0x080001d6   0x00000000   Code   RO         1132    .ARM.Collect$$rtexit$$00000002  c_w.l(rtexit2.o)
    0x080001d6   0x080001d6   0x00000004   Code   RO         1133    .ARM.Collect$$rtexit$$00000003  c_w.l(rtexit2.o)
    0x080001da   0x080001da   0x00000006   Code   RO         1134    .ARM.Collect$$rtexit$$00000004  c_w.l(rtexit2.o)
    0x080001e0   0x080001e0   0x00000040   Code   RO            4    .text               startup_stm32f103xb.o
    0x08000220   0x08000220   0x00000028   Code   RO          835    .text               c_w.l(noretval__2sprintf.o)
    0x08000248   0x08000248   0x0000004e   Code   RO          839    .text               c_w.l(_printf_pad.o)
    0x08000296   0x08000296   0x00000024   Code   RO          841    .text               c_w.l(_printf_truncate.o)
    0x080002ba   0x080002ba   0x00000052   Code   RO          843    .text               c_w.l(_printf_str.o)
    0x0800030c   0x0800030c   0x00000078   Code   RO          845    .text               c_w.l(_printf_dec.o)
    0x08000384   0x08000384   0x000000bc   Code   RO          847    .text               c_w.l(_printf_wctomb.o)
    0x08000440   0x08000440   0x00000054   Code   RO          852    .text               c_w.l(_printf_oct_int.o)
    0x08000494   0x08000494   0x00000058   Code   RO          859    .text               c_w.l(_printf_hex_int.o)
    0x080004ec   0x080004ec   0x00000188   Code   RO          894    .text               c_w.l(__printf_flags_ss_wp.o)
    0x08000674   0x08000674   0x00000048   Code   RO          906    .text               c_w.l(strcpy.o)
    0x080006bc   0x080006bc   0x0000008a   Code   RO          910    .text               c_w.l(rt_memcpy_v6.o)
    0x08000746   0x08000746   0x0000004e   Code   RO          914    .text               c_w.l(rt_memclr_w.o)
    0x08000794   0x08000794   0x00000006   Code   RO          916    .text               c_w.l(heapauxi.o)
    0x0800079a   0x0800079a   0x000000b2   Code   RO          957    .text               c_w.l(_printf_intcommon.o)
    0x0800084c   0x0800084c   0x0000041c   Code   RO          959    .text               c_w.l(_printf_fp_dec.o)
    0x08000c68   0x08000c68   0x00000030   Code   RO          963    .text               c_w.l(_printf_char_common.o)
    0x08000c98   0x08000c98   0x0000000a   Code   RO          965    .text               c_w.l(_sputc.o)
    0x08000ca2   0x08000ca2   0x0000002c   Code   RO          967    .text               c_w.l(_printf_char.o)
    0x08000cce   0x08000cce   0x0000002c   Code   RO          969    .text               c_w.l(_printf_wchar.o)
    0x08000cfa   0x08000cfa   0x00000048   Code   RO          973    .text               c_w.l(_c16rtomb.o)
    0x08000d42   0x08000d42   0x00000064   Code   RO          975    .text               c_w.l(rt_memcpy_w.o)
    0x08000da6   0x08000da6   0x00000002   PAD
    0x08000da8   0x08000da8   0x00000010   Code   RO         1007    .text               c_w.l(rt_ctype_table.o)
    0x08000db8   0x08000db8   0x00000008   Code   RO         1012    .text               c_w.l(rt_locale_intlibspace.o)
    0x08000dc0   0x08000dc0   0x0000008a   Code   RO         1014    .text               c_w.l(lludiv10.o)
    0x08000e4a   0x08000e4a   0x00000002   PAD
    0x08000e4c   0x08000e4c   0x00000080   Code   RO         1016    .text               c_w.l(_printf_fp_infnan.o)
    0x08000ecc   0x08000ecc   0x000000e4   Code   RO         1020    .text               c_w.l(bigflt0.o)
    0x08000fb0   0x08000fb0   0x00000008   Code   RO         1056    .text               c_w.l(libspace.o)
    0x08000fb8   0x08000fb8   0x0000004a   Code   RO         1059    .text               c_w.l(sys_stackheap_outer.o)
    0x08001002   0x08001002   0x00000012   Code   RO         1066    .text               c_w.l(exit.o)
    0x08001014   0x08001014   0x00000080   Code   RO         1068    .text               c_w.l(strcmpv7m.o)
    0x08001094   0x08001094   0x0000000c   Code   RO         1144    .text               c_w.l(sys_exit.o)
    0x080010a0   0x080010a0   0x00000002   Code   RO         1159    .text               c_w.l(use_no_semi.o)
    0x080010a2   0x080010a2   0x00000000   Code   RO         1161    .text               c_w.l(indicate_semi.o)
    0x080010a2   0x080010a2   0x00000002   PAD
    0x080010a4   0x080010a4   0x00000052   Code   RO          262    .text.ADC_DMAConvCplt  stm32f1xx_hal_adc.o
    0x080010f6   0x080010f6   0x00000002   PAD
    0x080010f8   0x080010f8   0x00000016   Code   RO          266    .text.ADC_DMAError  stm32f1xx_hal_adc.o
    0x0800110e   0x0800110e   0x00000002   PAD
    0x08001110   0x08001110   0x00000006   Code   RO          264    .text.ADC_DMAHalfConvCplt  stm32f1xx_hal_adc.o
    0x08001116   0x08001116   0x00000002   PAD
    0x08001118   0x08001118   0x000000b6   Code   RO          248    .text.ADC_Enable    stm32f1xx_hal_adc.o
    0x080011ce   0x080011ce   0x00000002   PAD
    0x080011d0   0x080011d0   0x00000108   Code   RO           17    .text.ADC_RPMCalc_Old  adc_code.o
    0x080012d8   0x080012d8   0x00000002   Code   RO          165    .text.BusFault_Handler  stm32f1xx_it.o
    0x080012da   0x080012da   0x00000002   PAD
    0x080012dc   0x080012dc   0x0000000c   Code   RO          177    .text.DMA1_Channel1_IRQHandler  stm32f1xx_it.o
    0x080012e8   0x080012e8   0x00000002   Code   RO          171    .text.DebugMon_Handler  stm32f1xx_it.o
    0x080012ea   0x080012ea   0x00000002   PAD
    0x080012ec   0x080012ec   0x0000014e   Code   RO           48    .text.Display_Continuous  ssd1306_display.o
    0x0800143a   0x0800143a   0x00000002   PAD
    0x0800143c   0x0800143c   0x000002c0   Code   RO           52    .text.Display_Function_off  ssd1306_display.o
    0x080016fc   0x080016fc   0x000002c0   Code   RO           50    .text.Display_Function_on  ssd1306_display.o
    0x080019bc   0x080019bc   0x0000000a   Code   RO          146    .text.Error_Handler  main.o
    0x080019c6   0x080019c6   0x00000002   PAD
    0x080019c8   0x080019c8   0x00000194   Code   RO          282    .text.HAL_ADC_ConfigChannel  stm32f1xx_hal_adc.o
    0x08001b5c   0x08001b5c   0x00000002   Code   RO          274    .text.HAL_ADC_ConvCpltCallback  stm32f1xx_hal_adc.o
    0x08001b5e   0x08001b5e   0x00000002   PAD
    0x08001b60   0x08001b60   0x00000002   Code   RO          278    .text.HAL_ADC_ConvHalfCpltCallback  stm32f1xx_hal_adc.o
    0x08001b62   0x08001b62   0x00000002   PAD
    0x08001b64   0x08001b64   0x00000002   Code   RO          280    .text.HAL_ADC_ErrorCallback  stm32f1xx_hal_adc.o
    0x08001b66   0x08001b66   0x00000002   PAD
    0x08001b68   0x08001b68   0x0000015c   Code   RO          236    .text.HAL_ADC_Init  stm32f1xx_hal_adc.o
    0x08001cc4   0x08001cc4   0x0000009c   Code   RO          188    .text.HAL_ADC_MspInit  stm32f1xx_hal_msp.o
    0x08001d60   0x08001d60   0x00000118   Code   RO          260    .text.HAL_ADC_Start_DMA  stm32f1xx_hal_adc.o
    0x08001e78   0x08001e78   0x000001a0   Code   RO          482    .text.HAL_DMA_IRQHandler  stm32f1xx_hal_dma.o
    0x08002018   0x08002018   0x00000088   Code   RO          468    .text.HAL_DMA_Init  stm32f1xx_hal_dma.o
    0x080020a0   0x080020a0   0x0000009c   Code   RO          474    .text.HAL_DMA_Start_IT  stm32f1xx_hal_dma.o
    0x0800213c   0x0800213c   0x00000028   Code   RO          352    .text.HAL_Delay     stm32f1xx_hal.o
    0x08002164   0x08002164   0x00000212   Code   RO          444    .text.HAL_GPIO_Init  stm32f1xx_hal_gpio.o
    0x08002376   0x08002376   0x00000002   PAD
    0x08002378   0x08002378   0x0000000a   Code   RO          448    .text.HAL_GPIO_ReadPin  stm32f1xx_hal_gpio.o
    0x08002382   0x08002382   0x00000002   PAD
    0x08002384   0x08002384   0x00000010   Code   RO          452    .text.HAL_GPIO_TogglePin  stm32f1xx_hal_gpio.o
    0x08002394   0x08002394   0x0000000a   Code   RO          450    .text.HAL_GPIO_WritePin  stm32f1xx_hal_gpio.o
    0x0800239e   0x0800239e   0x00000002   PAD
    0x080023a0   0x080023a0   0x0000000c   Code   RO          344    .text.HAL_GetTick   stm32f1xx_hal.o
    0x080023ac   0x080023ac   0x00000176   Code   RO          665    .text.HAL_I2C_Init  stm32f1xx_hal_i2c.o
    0x08002522   0x08002522   0x00000002   PAD
    0x08002524   0x08002524   0x0000020e   Code   RO          725    .text.HAL_I2C_IsDeviceReady  stm32f1xx_hal_i2c.o
    0x08002732   0x08002732   0x00000002   PAD
    0x08002734   0x08002734   0x000001d4   Code   RO          673    .text.HAL_I2C_Master_Transmit  stm32f1xx_hal_i2c.o
    0x08002908   0x08002908   0x0000007a   Code   RO          192    .text.HAL_I2C_MspInit  stm32f1xx_hal_msp.o
    0x08002982   0x08002982   0x00000002   PAD
    0x08002984   0x08002984   0x0000005c   Code   RO          803    .text.HAL_IWDG_Init  stm32f1xx_hal_iwdg.o
    0x080029e0   0x080029e0   0x0000000c   Code   RO          805    .text.HAL_IWDG_Refresh  stm32f1xx_hal_iwdg.o
    0x080029ec   0x080029ec   0x0000001a   Code   RO          342    .text.HAL_IncTick   stm32f1xx_hal.o
    0x08002a06   0x08002a06   0x00000002   PAD
    0x08002a08   0x08002a08   0x00000026   Code   RO          332    .text.HAL_Init      stm32f1xx_hal.o
    0x08002a2e   0x08002a2e   0x00000002   PAD
    0x08002a30   0x08002a30   0x00000048   Code   RO          334    .text.HAL_InitTick  stm32f1xx_hal.o
    0x08002a78   0x08002a78   0x00000042   Code   RO          186    .text.HAL_MspInit   stm32f1xx_hal_msp.o
    0x08002aba   0x08002aba   0x00000002   PAD
    0x08002abc   0x08002abc   0x00000020   Code   RO          504    .text.HAL_NVIC_EnableIRQ  stm32f1xx_hal_cortex.o
    0x08002adc   0x08002adc   0x00000056   Code   RO          502    .text.HAL_NVIC_SetPriority  stm32f1xx_hal_cortex.o
    0x08002b32   0x08002b32   0x00000002   PAD
    0x08002b34   0x08002b34   0x00000020   Code   RO          500    .text.HAL_NVIC_SetPriorityGrouping  stm32f1xx_hal_cortex.o
    0x08002b54   0x08002b54   0x0000010a   Code   RO          430    .text.HAL_RCCEx_PeriphCLKConfig  stm32f1xx_hal_rcc_ex.o
    0x08002c5e   0x08002c5e   0x00000002   PAD
    0x08002c60   0x08002c60   0x000001be   Code   RO          396    .text.HAL_RCC_ClockConfig  stm32f1xx_hal_rcc.o
    0x08002e1e   0x08002e1e   0x00000002   PAD
    0x08002e20   0x08002e20   0x00000026   Code   RO          408    .text.HAL_RCC_GetPCLK1Freq  stm32f1xx_hal_rcc.o
    0x08002e46   0x08002e46   0x00000002   PAD
    0x08002e48   0x08002e48   0x000003b4   Code   RO          394    .text.HAL_RCC_OscConfig  stm32f1xx_hal_rcc.o
    0x080031fc   0x080031fc   0x0000002c   Code   RO          512    .text.HAL_SYSTICK_Config  stm32f1xx_hal_cortex.o
    0x08003228   0x08003228   0x00000002   Code   RO          161    .text.HardFault_Handler  stm32f1xx_it.o
    0x0800322a   0x0800322a   0x00000002   PAD
    0x0800322c   0x0800322c   0x000000be   Code   RO          679    .text.I2C_WaitOnBTFFlagUntilTimeout  stm32f1xx_hal_i2c.o
    0x080032ea   0x080032ea   0x00000002   PAD
    0x080032ec   0x080032ec   0x000001d2   Code   RO          675    .text.I2C_WaitOnFlagUntilTimeout  stm32f1xx_hal_i2c.o
    0x080034be   0x080034be   0x00000002   PAD
    0x080034c0   0x080034c0   0x000000e0   Code   RO          793    .text.I2C_WaitOnMasterAddressFlagUntilTimeout  stm32f1xx_hal_i2c.o
    0x080035a0   0x080035a0   0x000000be   Code   RO          677    .text.I2C_WaitOnTXEFlagUntilTimeout  stm32f1xx_hal_i2c.o
    0x0800365e   0x0800365e   0x00000002   PAD
    0x08003660   0x08003660   0x00000004   Code   RO           28    .text.Init_Code     source_code.o
    0x08003664   0x08003664   0x00000002   Code   RO          163    .text.MemManage_Handler  stm32f1xx_it.o
    0x08003666   0x08003666   0x00000002   PAD
    0x08003668   0x08003668   0x00000002   Code   RO          159    .text.NMI_Handler   stm32f1xx_it.o
    0x0800366a   0x0800366a   0x00000002   PAD
    0x0800366c   0x0800366c   0x00000162   Code   RO          206    .text.On_Off_Time_Calculate  logic_code.o
    0x080037ce   0x080037ce   0x00000002   PAD
    0x080037d0   0x080037d0   0x00000002   Code   RO          173    .text.PendSV_Handler  stm32f1xx_it.o
    0x080037d2   0x080037d2   0x00000002   PAD
    0x080037d4   0x080037d4   0x0000001a   Code   RO          116    .text.SSD1306_Clear  ssd1306_driver.o
    0x080037ee   0x080037ee   0x00000002   PAD
    0x080037f0   0x080037f0   0x0000000e   Code   RO           96    .text.SSD1306_GotoXY  ssd1306_driver.o
    0x080037fe   0x080037fe   0x00000002   PAD
    0x08003800   0x08003800   0x00000304   Code   RO           86    .text.SSD1306_Init  ssd1306_driver.o
    0x08003b04   0x08003b04   0x000000a8   Code   RO           46    .text.SSD1306_Init_Code  ssd1306_display.o
    0x08003bac   0x08003bac   0x00000102   Code   RO           98    .text.SSD1306_Putc  ssd1306_driver.o
    0x08003cae   0x08003cae   0x00000002   PAD
    0x08003cb0   0x08003cb0   0x00000030   Code   RO          100    .text.SSD1306_Puts  ssd1306_driver.o
    0x08003ce0   0x08003ce0   0x000000a4   Code   RO           90    .text.SSD1306_UpdateScreen  ssd1306_driver.o
    0x08003d84   0x08003d84   0x00000002   Code   RO          169    .text.SVC_Handler   stm32f1xx_it.o
    0x08003d86   0x08003d86   0x00000002   PAD
    0x08003d88   0x08003d88   0x00000178   Code   RO           11    .text.SysADC_Function  adc_code.o
    0x08003f00   0x08003f00   0x00000082   Code   RO           36    .text.SysGPIO_Check_Status  source_code.o
    0x08003f82   0x08003f82   0x00000002   PAD
    0x08003f84   0x08003f84   0x0000000e   Code   RO          175    .text.SysTick_Handler  stm32f1xx_it.o
    0x08003f92   0x08003f92   0x00000002   PAD
    0x08003f94   0x08003f94   0x0000007c   Code   RO          204    .text.Sys_Entire_Logic  logic_code.o
    0x08004010   0x08004010   0x00000002   Code   RO          817    .text.SystemInit    system_stm32f1xx.o
    0x08004012   0x08004012   0x00000002   PAD
    0x08004014   0x08004014   0x00000046   Code   RO           32    .text.Systick_Code  source_code.o
    0x0800405a   0x0800405a   0x00000002   PAD
    0x0800405c   0x0800405c   0x00000002   Code   RO          167    .text.UsageFault_Handler  stm32f1xx_it.o
    0x0800405e   0x0800405e   0x00000002   PAD
    0x08004060   0x08004060   0x00000024   Code   RO           30    .text.While_Code    source_code.o
    0x08004084   0x08004084   0x00000272   Code   RO          142    .text.main          main.o
    0x080042f6   0x080042f6   0x0000003e   Code   RO         1023    CL$$btod_d2e        c_w.l(btod.o)
    0x08004334   0x08004334   0x00000046   Code   RO         1025    CL$$btod_d2e_denorm_low  c_w.l(btod.o)
    0x0800437a   0x0800437a   0x00000060   Code   RO         1024    CL$$btod_d2e_norm_op1  c_w.l(btod.o)
    0x080043da   0x080043da   0x00000002   PAD
    0x080043dc   0x080043dc   0x00000338   Code   RO         1033    CL$$btod_div_common  c_w.l(btod.o)
    0x08004714   0x08004714   0x000000dc   Code   RO         1030    CL$$btod_e2e        c_w.l(btod.o)
    0x080047f0   0x080047f0   0x0000002a   Code   RO         1027    CL$$btod_ediv       c_w.l(btod.o)
    0x0800481a   0x0800481a   0x0000002a   Code   RO         1026    CL$$btod_emul       c_w.l(btod.o)
    0x08004844   0x08004844   0x00000244   Code   RO         1032    CL$$btod_mult_common  c_w.l(btod.o)
    0x08004a88   0x08004a88   0x00000028   Code   RO         1054    i.__ARM_fpclassify  m_ws.l(fpclassify.o)
    0x08004ab0   0x08004ab0   0x0000000e   Code   RO          887    i._is_digit         c_w.l(__printf_wp.o)
    0x08004abe   0x08004abe   0x00000002   PAD
    0x08004ac0   0x08004ac0   0x0000002c   Code   RO         1048    locale$$code        c_w.l(lc_numeric_c.o)
    0x08004aec   0x08004aec   0x0000002c   Code   RO         1064    locale$$code        c_w.l(lc_ctype_c.o)
    0x08004b18   0x08004b18   0x00000062   Code   RO          920    x$fpl$d2f           fz_ws.l(d2f.o)
    0x08004b7a   0x08004b7a   0x00000002   PAD
    0x08004b7c   0x08004b7c   0x000002b4   Code   RO          923    x$fpl$ddiv          fz_ws.l(ddiv.o)
    0x08004e30   0x08004e30   0x00000026   Code   RO          926    x$fpl$dfltu         fz_ws.l(dflt_clz.o)
    0x08004e56   0x08004e56   0x0000009c   Code   RO          977    x$fpl$dnaninf       fz_ws.l(dnaninf.o)
    0x08004ef2   0x08004ef2   0x0000000c   Code   RO          979    x$fpl$dretinf       fz_ws.l(dretinf.o)
    0x08004efe   0x08004efe   0x00000002   PAD
    0x08004f00   0x08004f00   0x000000c4   Code   RO          936    x$fpl$fadd          fz_ws.l(faddsub_clz.o)
    0x08004fc4   0x08004fc4   0x00000054   Code   RO          942    x$fpl$fcmp          fz_ws.l(fcmp.o)
    0x08005018   0x08005018   0x00000018   Code   RO         1050    x$fpl$fcmpinf       fz_ws.l(fcmpi.o)
    0x08005030   0x08005030   0x00000068   Code   RO          981    x$fpl$feqf          fz_ws.l(feqf.o)
    0x08005098   0x08005098   0x00000036   Code   RO          944    x$fpl$ffix          fz_ws.l(ffix.o)
    0x080050ce   0x080050ce   0x00000002   PAD
    0x080050d0   0x080050d0   0x00000026   Code   RO          948    x$fpl$ffltu         fz_ws.l(fflt_clz.o)
    0x080050f6   0x080050f6   0x00000002   PAD
    0x080050f8   0x080050f8   0x00000068   Code   RO          983    x$fpl$fgeqf         fz_ws.l(fgeqf.o)
    0x08005160   0x08005160   0x00000068   Code   RO          985    x$fpl$fleqf         fz_ws.l(fleqf.o)
    0x080051c8   0x080051c8   0x0000008c   Code   RO          987    x$fpl$fnaninf       fz_ws.l(fnaninf.o)
    0x08005254   0x08005254   0x0000000a   Code   RO          989    x$fpl$fretinf       fz_ws.l(fretinf.o)
    0x0800525e   0x0800525e   0x00000002   PAD
    0x08005260   0x08005260   0x000000ea   Code   RO          938    x$fpl$fsub          fz_ws.l(faddsub_clz.o)
    0x0800534a   0x0800534a   0x00000004   Code   RO          954    x$fpl$printf1       fz_ws.l(printf1.o)
    0x0800534e   0x0800534e   0x00000000   Code   RO          991    x$fpl$usenofp       fz_ws.l(usenofp.o)
    0x0800534e   0x0800534e   0x00000002   PAD
    0x08005350   0x08005350   0x00000008   Data   RO          848    .constdata          c_w.l(_printf_wctomb.o)
    0x08005358   0x08005358   0x00000028   Data   RO          860    .constdata          c_w.l(_printf_hex_int.o)
    0x08005380   0x08005380   0x00000011   Data   RO          895    .constdata          c_w.l(__printf_flags_ss_wp.o)
    0x08005391   0x08005391   0x00000003   PAD
    0x08005394   0x08005394   0x00000094   Data   RO         1021    .constdata          c_w.l(bigflt0.o)
    0x08005428   0x08005428   0x00000010   Data   RO          822    .rodata.AHBPrescTable  system_stm32f1xx.o
    0x08005438   0x08005438   0x00000008   Data   RO          823    .rodata.APBPrescTable  system_stm32f1xx.o
    0x08005440   0x08005440   0x00000d5c   Data   RO          131    .rodata.Font11x18   ssd1306_driver.o
    0x0800619c   0x0800619c   0x0000134c   Data   RO          132    .rodata.Font16x26   ssd1306_driver.o
    0x080074e8   0x080074e8   0x0000076c   Data   RO          130    .rodata.Font7x10    ssd1306_driver.o
    0x08007c54   0x08007c54   0x00000002   Data   RO          421    .rodata.HAL_RCC_GetSysClockFreq.aPredivFactorTable  stm32f1xx_hal_rcc.o
    0x08007c56   0x08007c56   0x00000010   Data   RO          420    .rodata.cst16       stm32f1xx_hal_rcc.o
    0x08007c66   0x08007c66   0x00000086   Data   RO           59    .rodata.str1.1      ssd1306_display.o
    0x08007cec   0x08007cec   0x00000011   Data   RO           60    .rodata.str1.4      ssd1306_display.o
    0x08007cfd   0x08007cfd   0x00000003   PAD
    0x08007d00   0x08007d00   0x00000020   Data   RO         1211    Region$$Table       anon$$obj.o
    0x08007d20   0x08007d20   0x0000001c   Data   RO         1047    locale$$data        c_w.l(lc_numeric_c.o)
    0x08007d3c   0x08007d3c   0x00000110   Data   RO         1063    locale$$data        c_w.l(lc_ctype_c.o)


    Execution Region RW_IRAM1 (Exec base: 0x20000000, Load base: 0x08007e50, Size: 0x000012a8, Max: 0x00005000, ABSOLUTE)

    Exec Addr    Load Addr    Size         Type   Attr      Idx    E Section Name        Object

    0x20000000   0x08007e50   0x00000008   Data   RW          383    .data..L_MergedGlobals  stm32f1xx_hal.o
    0x20000008   0x08007e58   0x00000008   Data   RW          127    .data.Font_11x18    ssd1306_driver.o
    0x20000010   0x08007e60   0x00000008   Data   RW          128    .data.Font_16x26    ssd1306_driver.o
    0x20000018   0x08007e68   0x00000008   Data   RW          126    .data.Font_7x10     ssd1306_driver.o
    0x20000020   0x08007e70   0x00000004   Data   RW          821    .data.SystemCoreClock  system_stm32f1xx.o
    0x20000024   0x08007e74   0x00000004   PAD
    0x20000028        -       0x00000060   Zero   RW         1057    .bss                c_w.l(libspace.o)
    0x20000088        -       0x00000044   Zero   RW           38    .bss..L_MergedGlobals  source_code.o
    0x200000cc        -       0x00000006   Zero   RW          133    .bss..L_MergedGlobals  ssd1306_driver.o
    0x200000d2   0x08007e74   0x00000002   PAD
    0x200000d4        -       0x0000003c   Zero   RW          151    .bss..L_MergedGlobals  main.o
    0x20000110        -       0x0000001e   Zero   RW           58    .bss.Disp           ssd1306_display.o
    0x2000012e   0x08007e74   0x00000002   PAD
    0x20000130        -       0x000000c4   Zero   RW           19    .bss.GADC           adc_code.o
    0x200001f4        -       0x00000018   Zero   RW          214    .bss.SCBL           logic_code.o
    0x2000020c        -       0x00000400   Zero   RW          129    .bss.SSD1306_Buffer  ssd1306_driver.o
    0x2000060c        -       0x00000044   Zero   RW          148    .bss.hdma_adc1      main.o
    0x20000650        -       0x00000054   Zero   RW          149    .bss.hi2c1          main.o
    0x200006a4        -       0x00000004   Zero   RW          382    .bss.uwTick         stm32f1xx_hal.o
    0x200006a8        -       0x00000400   Zero   RW            2    HEAP                startup_stm32f103xb.o
    0x20000aa8        -       0x00000800   Zero   RW            1    STACK               startup_stm32f103xb.o


==============================================================================

Image component sizes


      Code (inc. data)   RO Data    RW Data    ZI Data      Debug   Object Name

       640         64          0          0        196       3069   adc_code.o
       478          0          0          0         24       2887   logic_code.o
       636          0          0          0        212       8783   main.o
       240          0          0          0         68       2629   source_code.o
      1910        340        151          0         30       3180   ssd1306_display.o
      1282          0      10260         24       1030      24729   ssd1306_driver.o
        64         26        236          0       3072        828   startup_stm32f103xb.o
       188          0          0          8          4       5776   stm32f1xx_hal.o
      1330          0          0          0          0      13189   stm32f1xx_hal_adc.o
       194          0          0          0          0       8502   stm32f1xx_hal_cortex.o
       708          0          0          0          0       8455   stm32f1xx_hal_dma.o
       566         22          0          0          0       4643   stm32f1xx_hal_gpio.o
      2438          0          0          0          0      42654   stm32f1xx_hal_i2c.o
       104          0          0          0          0       1683   stm32f1xx_hal_iwdg.o
       344          0          0          0          0       6150   stm32f1xx_hal_msp.o
      1432          0         18          0          0       7685   stm32f1xx_hal_rcc.o
       266          0          0          0          0       3607   stm32f1xx_hal_rcc_ex.o
        42          0          0          0          0       2713   stm32f1xx_it.o
         2          0         24          4          0       1656   system_stm32f1xx.o

    ----------------------------------------------------------------------
     12946        452      10724         36       4644     152818   Object Totals
         0          0         32          0          0          0   (incl. Generated)
        82          0          3          0          8          0   (incl. Padding)

    ----------------------------------------------------------------------

      Code (inc. data)   RO Data    RW Data    ZI Data      Debug   Library Member Name

         8          0          0          0          0         68   __main.o
       392          4         17          0          0         92   __printf_flags_ss_wp.o
        14          0          0          0          0         68   __printf_wp.o
         0          0          0          0          0          0   __rtentry.o
        12          0          0          0          0          0   __rtentry2.o
         6          0          0          0          0          0   __rtentry4.o
        52          8          0          0          0          0   __scatter.o
        26          0          0          0          0          0   __scatter_copy.o
        28          0          0          0          0          0   __scatter_zi.o
        72          0          0          0          0         96   _c16rtomb.o
         6          0          0          0          0          0   _printf_c.o
        44          0          0          0          0        108   _printf_char.o
        48          6          0          0          0         96   _printf_char_common.o
         6          0          0          0          0          0   _printf_d.o
       120         16          0          0          0         92   _printf_dec.o
         6          0          0          0          0          0   _printf_f.o
      1052          0          0          0          0        148   _printf_fp_dec.o
       128         16          0          0          0         84   _printf_fp_infnan.o
        88          4         40          0          0         88   _printf_hex_int.o
         6          0          0          0          0          0   _printf_i.o
       178          0          0          0          0         88   _printf_intcommon.o
        10          0          0          0          0          0   _printf_l.o
         6          0          0          0          0          0   _printf_lc.o
         6          0          0          0          0          0   _printf_o.o
        84         10          0          0          0         88   _printf_oct_int.o
        78          0          0          0          0        108   _printf_pad.o
         0          0          0          0          0          0   _printf_percent.o
         4          0          0          0          0          0   _printf_percent_end.o
        82          0          0          0          0         80   _printf_str.o
        36          0          0          0          0         84   _printf_truncate.o
         6          0          0          0          0          0   _printf_u.o
        44          0          0          0          0        108   _printf_wchar.o
       188          6          8          0          0         92   _printf_wctomb.o
         6          0          0          0          0          0   _printf_x.o
        10          0          0          0          0         68   _sputc.o
       228          4        148          0          0         96   bigflt0.o
      1936        128          0          0          0        668   btod.o
        18          0          0          0          0         80   exit.o
         6          0          0          0          0        152   heapauxi.o
         0          0          0          0          0          0   indicate_semi.o
        44         10        272          0          0         76   lc_ctype_c.o
        44         10         28          0          0         76   lc_numeric_c.o
         2          0          0          0          0          0   libinit.o
        30          0          0          0          0          0   libinit2.o
         2          0          0          0          0          0   libshutdown.o
         2          0          0          0          0          0   libshutdown2.o
         8          4          0          0         96         68   libspace.o
       138          0          0          0          0         80   lludiv10.o
        40          6          0          0          0         84   noretval__2sprintf.o
        16          4          0          0          0         76   rt_ctype_table.o
         8          4          0          0          0         68   rt_locale_intlibspace.o
        78          0          0          0          0         80   rt_memclr_w.o
       138          0          0          0          0         68   rt_memcpy_v6.o
       100          0          0          0          0         80   rt_memcpy_w.o
         2          0          0          0          0          0   rtexit.o
        10          0          0          0          0          0   rtexit2.o
       128          0          0          0          0         68   strcmpv7m.o
        72          0          0          0          0         80   strcpy.o
        12          4          0          0          0         68   sys_exit.o
        74          0          0          0          0         80   sys_stackheap_outer.o
         2          0          0          0          0         68   use_no_semi.o
        98          4          0          0          0         92   d2f.o
       692        140          0          0          0        216   ddiv.o
        38          0          0          0          0         68   dflt_clz.o
       156          4          0          0          0         92   dnaninf.o
        12          0          0          0          0         68   dretinf.o
       430          8          0          0          0        168   faddsub_clz.o
        84          0          0          0          0        196   fcmp.o
        24          0          0          0          0         68   fcmpi.o
       104          4          0          0          0         84   feqf.o
        54          4          0          0          0         84   ffix.o
        38          0          0          0          0         68   fflt_clz.o
       104          4          0          0          0         84   fgeqf.o
       104          4          0          0          0         84   fleqf.o
       140          4          0          0          0         84   fnaninf.o
        10          0          0          0          0         68   fretinf.o
         4          0          0          0          0         68   printf1.o
         0          0          0          0          0          0   usenofp.o
        40          0          0          0          0         68   fpclassify.o

    ----------------------------------------------------------------------
      8146        420        516          0         96       5432   Library Totals
        24          0          3          0          0          0   (incl. Padding)

    ----------------------------------------------------------------------

      Code (inc. data)   RO Data    RW Data    ZI Data      Debug   Library Name

      5990        244        513          0         96       3772   c_w.l
      2092        176          0          0          0       1592   fz_ws.l
        40          0          0          0          0         68   m_ws.l

    ----------------------------------------------------------------------
      8146        420        516          0         96       5432   Library Totals

    ----------------------------------------------------------------------

==============================================================================


      Code (inc. data)   RO Data    RW Data    ZI Data      Debug   

     21092        872      11240         36       4740     154942   Grand Totals
     21092        872      11240         36       4740     154942   ELF Image Totals
     21092        872      11240         36          0          0   ROM Totals

==============================================================================

    Total RO  Size (Code + RO Data)                32332 (  31.57kB)
    Total RW  Size (RW Data + ZI Data)              4776 (   4.66kB)
    Total ROM Size (Code + RO Data + RW Data)      32368 (  31.61kB)

==============================================================================

