../Core/Src/main.c:100:5:main	8	static
../Core/Src/main.c:158:6:SystemClock_Config	72	static
../Core/Src/main.c:195:13:MX_I2C1_Init	8	static
../Core/Src/main.c:229:13:MX_GPIO_Init	40	static
../Core/Src/main.c:255:9:decToBcd	16	static
../Core/Src/main.c:260:5:bcdToDec	16	static
../Core/Src/main.c:265:6:Set_Time	48	static
../Core/Src/main.c:279:6:Get_Time	32	static
../Core/Src/main.c:292:7:Get_Temp	40	static
../Core/Src/main.c:299:6:force_temp_conv	32	static
../Core/Src/main.c:311:6:EEPROM_Write	40	static
../Core/Src/main.c:324:6:EEPROM_Read	40	static
../Core/Src/main.c:337:6:EEPROM_FULL_ERASE	64	static
../Core/Src/main.c:357:6:Error_Handler	4	static,ignoring_inline_asm
