../Core/Src/Proj/SSD1306_Driver.c:42:6:SSD1306_ScrollRight	16	static
../Core/Src/Proj/SSD1306_Driver.c:54:6:SSD1306_ScrollLeft	16	static
../Core/Src/Proj/SSD1306_Driver.c:66:6:SSD1306_Scrolldiagright	16	static
../Core/Src/Proj/SSD1306_Driver.c:81:6:SSD1306_Scrolldiagleft	16	static
../Core/Src/Proj/SSD1306_Driver.c:96:6:SSD1306_Stopscroll	8	static
../Core/Src/Proj/SSD1306_Driver.c:101:6:SSD1306_InvertDisplay	16	static
../Core/Src/Proj/SSD1306_Driver.c:109:6:SSD1306_DrawBitmap	32	static
../Core/Src/Proj/SSD1306_Driver.c:130:9:SSD1306_Init	16	static
../Core/Src/Proj/SSD1306_Driver.c:202:6:SSD1306_UpdateScreen	16	static
../Core/Src/Proj/SSD1306_Driver.c:217:6:SSD1306_ToggleInvert	16	static
../Core/Src/Proj/SSD1306_Driver.c:229:6:SSD1306_Fill	16	static
../Core/Src/Proj/SSD1306_Driver.c:235:6:SSD1306_DrawPixel	16	static
../Core/Src/Proj/SSD1306_Driver.c:251:6:SSD1306_GotoXY	16	static
../Core/Src/Proj/SSD1306_Driver.c:258:6:SSD1306_Putc	32	static
../Core/Src/Proj/SSD1306_Driver.c:293:6:SSD1306_Puts	24	static
../Core/Src/Proj/SSD1306_Driver.c:311:6:SSD1306_DrawLine	40	static
../Core/Src/Proj/SSD1306_Driver.c:406:6:SSD1306_DrawRectangle	32	static
../Core/Src/Proj/SSD1306_Driver.c:427:6:SSD1306_DrawFilledRectangle	40	static
../Core/Src/Proj/SSD1306_Driver.c:449:6:SSD1306_DrawTriangle	32	static
../Core/Src/Proj/SSD1306_Driver.c:458:6:SSD1306_DrawFilledTriangle	64	static
../Core/Src/Proj/SSD1306_Driver.c:526:6:SSD1306_DrawCircle	40	static
../Core/Src/Proj/SSD1306_Driver.c:563:6:SSD1306_DrawFilledCircle	48	static
../Core/Src/Proj/SSD1306_Driver.c:599:6:SSD1306_Clear	8	static
../Core/Src/Proj/SSD1306_Driver.c:605:6:SSD1306_ON	8	static
../Core/Src/Proj/SSD1306_Driver.c:611:6:SSD1306_OFF	8	static
../Core/Src/Proj/SSD1306_Driver.c:619:6:ssd1306_I2C_Init	16	static
../Core/Src/Proj/SSD1306_Driver.c:627:6:ssd1306_I2C_WriteMulti	296	static
../Core/Src/Proj/SSD1306_Driver.c:638:6:ssd1306_I2C_Write	32	static
../Core/Src/Proj/SSD1306_Driver.c:943:7:FONTS_GetStringSize	32	static
